Archive member included to satisfy reference by file (symbol)

/home/love/Documents/gcc-arm-none-eabi-10-2020-q4-major/bin/../lib/gcc/arm-none-eabi/10.2.1/../../../../arm-none-eabi/lib/thumb/v7e-m+fp/hard/libstdc++_nano.a(atexit_arm.o)
                              build/robo_init.o (__aeabi_atexit)
/home/love/Documents/gcc-arm-none-eabi-10-2020-q4-major/bin/../lib/gcc/arm-none-eabi/10.2.1/../../../../arm-none-eabi/lib/thumb/v7e-m+fp/hard/libstdc++_nano.a(class_type_info.o)
                              build/robo_init.o (vtable for __cxxabiv1::__class_type_info)
/home/love/Documents/gcc-arm-none-eabi-10-2020-q4-major/bin/../lib/gcc/arm-none-eabi/10.2.1/../../../../arm-none-eabi/lib/thumb/v7e-m+fp/hard/libstdc++_nano.a(del_ops.o)
                              /home/love/Documents/gcc-arm-none-eabi-10-2020-q4-major/bin/../lib/gcc/arm-none-eabi/10.2.1/../../../../arm-none-eabi/lib/thumb/v7e-m+fp/hard/libstdc++_nano.a(class_type_info.o) (operator delete(void*, unsigned int))
/home/love/Documents/gcc-arm-none-eabi-10-2020-q4-major/bin/../lib/gcc/arm-none-eabi/10.2.1/../../../../arm-none-eabi/lib/thumb/v7e-m+fp/hard/libstdc++_nano.a(new_op.o)
                              build/robo_init.o (operator new(unsigned int))
/home/love/Documents/gcc-arm-none-eabi-10-2020-q4-major/bin/../lib/gcc/arm-none-eabi/10.2.1/../../../../arm-none-eabi/lib/thumb/v7e-m+fp/hard/libstdc++_nano.a(pure.o)
                              build/robo_init.o (__cxa_pure_virtual)
/home/love/Documents/gcc-arm-none-eabi-10-2020-q4-major/bin/../lib/gcc/arm-none-eabi/10.2.1/../../../../arm-none-eabi/lib/thumb/v7e-m+fp/hard/libstdc++_nano.a(si_class_type_info.o)
                              build/robo_init.o (vtable for __cxxabiv1::__si_class_type_info)
/home/love/Documents/gcc-arm-none-eabi-10-2020-q4-major/bin/../lib/gcc/arm-none-eabi/10.2.1/../../../../arm-none-eabi/lib/thumb/v7e-m+fp/hard/libstdc++_nano.a(tinfo.o)
                              /home/love/Documents/gcc-arm-none-eabi-10-2020-q4-major/bin/../lib/gcc/arm-none-eabi/10.2.1/../../../../arm-none-eabi/lib/thumb/v7e-m+fp/hard/libstdc++_nano.a(class_type_info.o) (std::type_info::~type_info())
/home/love/Documents/gcc-arm-none-eabi-10-2020-q4-major/bin/../lib/gcc/arm-none-eabi/10.2.1/../../../../arm-none-eabi/lib/thumb/v7e-m+fp/hard/libstdc++_nano.a(del_op.o)
                              /home/love/Documents/gcc-arm-none-eabi-10-2020-q4-major/bin/../lib/gcc/arm-none-eabi/10.2.1/../../../../arm-none-eabi/lib/thumb/v7e-m+fp/hard/libstdc++_nano.a(del_ops.o) (operator delete(void*))
/home/love/Documents/gcc-arm-none-eabi-10-2020-q4-major/bin/../lib/gcc/arm-none-eabi/10.2.1/../../../../arm-none-eabi/lib/thumb/v7e-m+fp/hard/libstdc++_nano.a(eh_terminate.o)
                              /home/love/Documents/gcc-arm-none-eabi-10-2020-q4-major/bin/../lib/gcc/arm-none-eabi/10.2.1/../../../../arm-none-eabi/lib/thumb/v7e-m+fp/hard/libstdc++_nano.a(pure.o) (std::terminate())
/home/love/Documents/gcc-arm-none-eabi-10-2020-q4-major/bin/../lib/gcc/arm-none-eabi/10.2.1/../../../../arm-none-eabi/lib/thumb/v7e-m+fp/hard/libstdc++_nano.a(eh_unex_handler.o)
                              /home/love/Documents/gcc-arm-none-eabi-10-2020-q4-major/bin/../lib/gcc/arm-none-eabi/10.2.1/../../../../arm-none-eabi/lib/thumb/v7e-m+fp/hard/libstdc++_nano.a(eh_terminate.o) (__cxxabiv1::__unexpected_handler)
/home/love/Documents/gcc-arm-none-eabi-10-2020-q4-major/bin/../lib/gcc/arm-none-eabi/10.2.1/../../../../arm-none-eabi/lib/thumb/v7e-m+fp/hard/libstdc++_nano.a(new_handler.o)
                              /home/love/Documents/gcc-arm-none-eabi-10-2020-q4-major/bin/../lib/gcc/arm-none-eabi/10.2.1/../../../../arm-none-eabi/lib/thumb/v7e-m+fp/hard/libstdc++_nano.a(new_op.o) (std::get_new_handler())
/home/love/Documents/gcc-arm-none-eabi-10-2020-q4-major/bin/../lib/gcc/arm-none-eabi/10.2.1/../../../../arm-none-eabi/lib/thumb/v7e-m+fp/hard/libstdc++_nano.a(eh_term_handler.o)
                              /home/love/Documents/gcc-arm-none-eabi-10-2020-q4-major/bin/../lib/gcc/arm-none-eabi/10.2.1/../../../../arm-none-eabi/lib/thumb/v7e-m+fp/hard/libstdc++_nano.a(eh_terminate.o) (__cxxabiv1::__terminate_handler)
/home/love/Documents/gcc-arm-none-eabi-10-2020-q4-major/bin/../lib/gcc/arm-none-eabi/10.2.1/../../../../arm-none-eabi/lib/thumb/v7e-m+fp/hard/libc_nano.a(lib_a-abort.o)
                              /home/love/Documents/gcc-arm-none-eabi-10-2020-q4-major/bin/../lib/gcc/arm-none-eabi/10.2.1/../../../../arm-none-eabi/lib/thumb/v7e-m+fp/hard/libstdc++_nano.a(new_op.o) (abort)
/home/love/Documents/gcc-arm-none-eabi-10-2020-q4-major/bin/../lib/gcc/arm-none-eabi/10.2.1/../../../../arm-none-eabi/lib/thumb/v7e-m+fp/hard/libc_nano.a(lib_a-cxa_atexit.o)
                              /home/love/Documents/gcc-arm-none-eabi-10-2020-q4-major/bin/../lib/gcc/arm-none-eabi/10.2.1/../../../../arm-none-eabi/lib/thumb/v7e-m+fp/hard/libstdc++_nano.a(atexit_arm.o) (__cxa_atexit)
[...]
Memory Configuration

Name             Origin             Length             Attributes
RAM              0x0000000020000000 0x0000000000020000 xrw
CCMRAM           0x0000000010000000 0x0000000000010000 rw
FLASH            0x0000000008000000 0x0000000000100000 xr
*default*        0x0000000000000000 0xffffffffffffffff

Linker script and memory map

LOAD /home/love/Documents/gcc-arm-none-eabi-10-2020-q4-major/bin/../lib/gcc/arm-none-eabi/10.2.1/thumb/v7e-m+fp/hard/crti.o
LOAD /home/love/Documents/gcc-arm-none-eabi-10-2020-q4-major/bin/../lib/gcc/arm-none-eabi/10.2.1/thumb/v7e-m+fp/hard/crtbegin.o
LOAD /home/love/Documents/gcc-arm-none-eabi-10-2020-q4-major/bin/../lib/gcc/arm-none-eabi/10.2.1/../../../../arm-none-eabi/lib/thumb/v7e-m+fp/hard/crt0.o
LOAD build/stm32f4xx_hal_i2c.o
LOAD build/stm32f4xx_hal_i2c_ex.o
LOAD build/stm32f4xx_hal_tim.o
LOAD build/stm32f4xx_hal_tim_ex.o
LOAD build/stm32f4xx_hal_uart.o
LOAD build/stm32f4xx_hal_rcc.o
LOAD build/stm32f4xx_hal_rcc_ex.o
LOAD build/stm32f4xx_hal_flash.o
LOAD build/stm32f4xx_hal_flash_ex.o
LOAD build/stm32f4xx_hal_flash_ramfunc.o
LOAD build/stm32f4xx_hal_gpio.o
LOAD build/stm32f4xx_hal_dma_ex.o
LOAD build/stm32f4xx_hal_dma.o
LOAD build/stm32f4xx_hal_pwr.o
LOAD build/stm32f4xx_hal_pwr_ex.o
LOAD build/stm32f4xx_hal_cortex.o
LOAD build/stm32f4xx_hal.o
LOAD build/stm32f4xx_hal_exti.o
LOAD build/croutine.o
LOAD build/event_groups.o
LOAD build/list.o
LOAD build/queue.o
LOAD build/stream_buffer.o
LOAD build/tasks.o
LOAD build/timers.o
LOAD build/cmsis_os.o
LOAD build/heap_4.o
LOAD build/port.o
LOAD build/freertos.o
LOAD build/stm32f4xx_it.o
LOAD build/stm32f4xx_hal_msp.o
LOAD build/stm32f4xx_hal_timebase_tim.o
LOAD build/system_stm32f4xx.o
LOAD build/gpio.o
LOAD build/i2c.o
LOAD build/tim.o
LOAD build/dma.o
LOAD build/usart.o
LOAD build/printf_config.o
LOAD build/startup_stm32f407xx.o
LOAD build/motor.o
LOAD build/robo_init.o
LOAD build/crc_hash.o
LOAD build/main.o
LOAD build/duration.o
LOAD build/time.o
LOAD build/operation.o
LOAD /home/love/Documents/gcc-arm-none-eabi-10-2020-q4-major/bin/../lib/gcc/arm-none-eabi/10.2.1/../../../../arm-none-eabi/lib/thumb/v7e-m+fp/hard/libnosys.a
LOAD /home/love/Documents/gcc-arm-none-eabi-10-2020-q4-major/bin/../lib/gcc/arm-none-eabi/10.2.1/../../../../arm-none-eabi/lib/thumb/v7e-m+fp/hard/libstdc++_nano.a
LOAD /home/love/Documents/gcc-arm-none-eabi-10-2020-q4-major/bin/../lib/gcc/arm-none-eabi/10.2.1/../../../../arm-none-eabi/lib/thumb/v7e-m+fp/hard/libm.a
LOAD /home/love/Documents/gcc-arm-none-eabi-10-2020-q4-major/bin/../lib/gcc/arm-none-eabi/10.2.1/../../../../arm-none-eabi/lib/thumb/v7e-m+fp/hard/libc_nano.a
START GROUP
LOAD /home/love/Documents/gcc-arm-none-eabi-10-2020-q4-major/bin/../lib/gcc/arm-none-eabi/10.2.1/thumb/v7e-m+fp/hard/libgcc.a
LOAD /home/love/Documents/gcc-arm-none-eabi-10-2020-q4-major/bin/../lib/gcc/arm-none-eabi/10.2.1/../../../../arm-none-eabi/lib/thumb/v7e-m+fp/hard/libc_nano.a
END GROUP
START GROUP
LOAD /home/love/Documents/gcc-arm-none-eabi-10-2020-q4-major/bin/../lib/gcc/arm-none-eabi/10.2.1/thumb/v7e-m+fp/hard/libgcc.a
LOAD /home/love/Documents/gcc-arm-none-eabi-10-2020-q4-major/bin/../lib/gcc/arm-none-eabi/10.2.1/../../../../arm-none-eabi/lib/thumb/v7e-m+fp/hard/libc_nano.a
LOAD /home/love/Documents/gcc-arm-none-eabi-10-2020-q4-major/bin/../lib/gcc/arm-none-eabi/10.2.1/../../../../arm-none-eabi/lib/thumb/v7e-m+fp/hard/libnosys.a
END GROUP
START GROUP
LOAD /home/love/Documents/gcc-arm-none-eabi-10-2020-q4-major/bin/../lib/gcc/arm-none-eabi/10.2.1/thumb/v7e-m+fp/hard/libgcc.a
LOAD /home/love/Documents/gcc-arm-none-eabi-10-2020-q4-major/bin/../lib/gcc/arm-none-eabi/10.2.1/../../../../arm-none-eabi/lib/thumb/v7e-m+fp/hard/libc_nano.a
LOAD /home/love/Documents/gcc-arm-none-eabi-10-2020-q4-major/bin/../lib/gcc/arm-none-eabi/10.2.1/../../../../arm-none-eabi/lib/thumb/v7e-m+fp/hard/libnosys.a
END GROUP
LOAD /home/love/Documents/gcc-arm-none-eabi-10-2020-q4-major/bin/../lib/gcc/arm-none-eabi/10.2.1/thumb/v7e-m+fp/hard/crtend.o
LOAD /home/love/Documents/gcc-arm-none-eabi-10-2020-q4-major/bin/../lib/gcc/arm-none-eabi/10.2.1/thumb/v7e-m+fp/hard/crtn.o
                0x0000000020020000                _estack = 0x20020000
                0x0000000000000200                _Min_Heap_Size = 0x200
                0x0000000000000400                _Min_Stack_Size = 0x400

.isr_vector     0x0000000008000000      0x188
                0x0000000008000000                . = ALIGN (0x4)
 *(.isr_vector)
 .isr_vector    0x0000000008000000      0x188 build/startup_stm32f407xx.o
                0x0000000008000000                g_pfnVectors
                0x0000000008000188                . = ALIGN (0x4)

.text           0x0000000008000190     0x7f10
                0x0000000008000190                . = ALIGN (0x4)
 *(.text)
 .text          0x0000000008000190       0x40 /home/love/Documents/gcc-arm-none-eabi-10-2020-q4-major/bin/../lib/gcc/arm-none-eabi/10.2.1/thumb/v7e-m+fp/hard/crtbegin.o
 .text          0x00000000080001d0       0x14 /home/love/Documents/gcc-arm-none-eabi-10-2020-q4-major/bin/../lib/gcc/arm-none-eabi/10.2.1/../../../../arm-none-eabi/lib/thumb/v7e-m+fp/hard/libc_nano.a(lib_a-strcmp.o)
                0x00000000080001d0                strcmp
 .text          0x00000000080001e4       0x10 /home/love/Documents/gcc-arm-none-eabi-10-2020-q4-major/bin/../lib/gcc/arm-none-eabi/10.2.1/../../../../arm-none-eabi/lib/thumb/v7e-m+fp/hard/libc_nano.a(lib_a-strlen.o)
                0x00000000080001e4                strlen
 *fill*         0x00000000080001f4        0xc 
 .text          0x0000000008000200       0xa0 /home/love/Documents/gcc-arm-none-eabi-10-2020-q4-major/bin/../lib/gcc/arm-none-eabi/10.2.1/../../../../arm-none-eabi/lib/thumb/v7e-m+fp/hard/libc_nano.a(lib_a-memchr.o)
                0x0000000008000200                memchr
 .text          0x00000000080002a0      0x378 /home/love/Documents/gcc-arm-none-eabi-10-2020-q4-major/bin/../lib/gcc/arm-none-eabi/10.2.1/thumb/v7e-m+fp/hard/libgcc.a(_arm_addsubdf3.o)
                0x00000000080002a0                __aeabi_drsub
                0x00000000080002a8                __aeabi_dsub
                0x00000000080002a8                __subdf3
                0x00000000080002ac                __adddf3
                0x00000000080002ac                __aeabi_dadd
                0x0000000008000524                __aeabi_ui2d
                0x0000000008000524                __floatunsidf
                0x0000000008000544                __floatsidf
                0x0000000008000544                __aeabi_i2d
                0x0000000008000568                __extendsfdf2
                0x0000000008000568                __aeabi_f2d
                0x00000000080005ac                __aeabi_ul2d
                0x00000000080005ac                __floatundidf
                0x00000000080005bc                __floatdidf
                0x00000000080005bc                __aeabi_l2d
 .text          0x0000000008000618      0x424 /home/love/Documents/gcc-arm-none-eabi-10-2020-q4-major/bin/../lib/gcc/arm-none-eabi/10.2.1/thumb/v7e-m+fp/hard/libgcc.a(_arm_muldivdf3.o)
                0x0000000008000618                __aeabi_dmul
                0x0000000008000618                __muldf3
                0x000000000800086c                __aeabi_ddiv
                0x000000000800086c                __divdf3
 .text          0x0000000008000a3c      0x110 /home/love/Documents/gcc-arm-none-eabi-10-2020-q4-major/bin/../lib/gcc/arm-none-eabi/10.2.1/thumb/v7e-m+fp/hard/libgcc.a(_arm_cmpdf2.o)
                0x0000000008000a3c                __gtdf2
                0x0000000008000a3c                __gedf2
                0x0000000008000a44                __ltdf2
                0x0000000008000a44                __ledf2
                0x0000000008000a4c                __cmpdf2
                0x0000000008000a4c                __eqdf2
                0x0000000008000a4c                __nedf2
                0x0000000008000ac8                __aeabi_cdrcmple
                0x0000000008000ad8                __aeabi_cdcmple
                0x0000000008000ad8                __aeabi_cdcmpeq
                0x0000000008000ae8                __aeabi_dcmpeq
                0x0000000008000afc                __aeabi_dcmplt
                0x0000000008000b10                __aeabi_dcmple
                0x0000000008000b24                __aeabi_dcmpge
                0x0000000008000b38                __aeabi_dcmpgt
 .text          0x0000000008000b4c       0x2c /home/love/Documents/gcc-arm-none-eabi-10-2020-q4-major/bin/../lib/gcc/arm-none-eabi/10.2.1/thumb/v7e-m+fp/hard/libgcc.a(_arm_unorddf2.o)
                0x0000000008000b4c                __aeabi_dcmpun
                0x0000000008000b4c                __unorddf2
 .text          0x0000000008000b78       0x50 /home/love/Documents/gcc-arm-none-eabi-10-2020-q4-major/bin/../lib/gcc/arm-none-eabi/10.2.1/thumb/v7e-m+fp/hard/libgcc.a(_arm_fixdfsi.o)
                0x0000000008000b78                __fixdfsi
                0x0000000008000b78                __aeabi_d2iz
 .text          0x0000000008000bc8       0xa0 /home/love/Documents/gcc-arm-none-eabi-10-2020-q4-major/bin/../lib/gcc/arm-none-eabi/10.2.1/thumb/v7e-m+fp/hard/libgcc.a(_arm_truncdfsf2.o)
                0x0000000008000bc8                __aeabi_d2f
                0x0000000008000bc8                __truncdfsf2
 .text          0x0000000008000c68       0x30 /home/love/Documents/gcc-arm-none-eabi-10-2020-q4-major/bin/../lib/gcc/arm-none-eabi/10.2.1/thumb/v7e-m+fp/hard/libgcc.a(_aeabi_uldivmod.o)
                0x0000000008000c68                __aeabi_uldivmod
 .text          0x0000000008000c98      0x2d0 /home/love/Documents/gcc-arm-none-eabi-10-2020-q4-major/bin/../lib/gcc/arm-none-eabi/10.2.1/thumb/v7e-m+fp/hard/libgcc.a(_udivmoddi4.o)
                0x0000000008000c98                __udivmoddi4
 .text          0x0000000008000f68        0x4 /home/love/Documents/gcc-arm-none-eabi-10-2020-q4-major/bin/../lib/gcc/arm-none-eabi/10.2.1/thumb/v7e-m+fp/hard/libgcc.a(_dvmd_tls.o)
                0x0000000008000f68                __aeabi_ldiv0
                0x0000000008000f68                __aeabi_idiv0
 *(.text*)
 .text.HAL_I2C_Init
                0x0000000008000f6c      0x1bc build/stm32f4xx_hal_i2c.o
                0x0000000008000f6c                HAL_I2C_Init
 .text.TIM_OC1_SetConfig
                0x0000000008001128       0x68 build/stm32f4xx_hal_tim.o
 .text.TIM_OC3_SetConfig
                0x0000000008001190       0x70 build/stm32f4xx_hal_tim.o
 .text.TIM_OC4_SetConfig
                0x0000000008001200       0x50 build/stm32f4xx_hal_tim.o
 .text.HAL_TIM_Base_MspInit
                0x0000000008001250        0x2 build/stm32f4xx_hal_tim.o
                0x0000000008001250                HAL_TIM_Base_MspInit
 .text.HAL_TIM_Base_Start
                0x0000000008001252       0x24 build/stm32f4xx_hal_tim.o
                0x0000000008001252                HAL_TIM_Base_Start
 .text.HAL_TIM_Base_Start_IT
                0x0000000008001276       0x22 build/stm32f4xx_hal_tim.o
                0x0000000008001276                HAL_TIM_Base_Start_IT
 .text.HAL_TIM_OC_DelayElapsedCallback
                0x0000000008001298        0x2 build/stm32f4xx_hal_tim.o
                0x0000000008001298                HAL_TIM_OC_DelayElapsedCallback
 .text.HAL_TIM_IC_CaptureCallback
                0x000000000800129a        0x2 build/stm32f4xx_hal_tim.o
                0x000000000800129a                HAL_TIM_IC_CaptureCallback
 .text.HAL_TIM_PWM_PulseFinishedCallback
                0x000000000800129c        0x2 build/stm32f4xx_hal_tim.o
                0x000000000800129c                HAL_TIM_PWM_PulseFinishedCallback
 .text.HAL_TIM_TriggerCallback
                0x000000000800129e        0x2 build/stm32f4xx_hal_tim.o
                0x000000000800129e                HAL_TIM_TriggerCallback
 .text.HAL_TIM_IRQHandler
                0x00000000080012a0      0x17a build/stm32f4xx_hal_tim.o
                0x00000000080012a0                HAL_TIM_IRQHandler
 *fill*         0x000000000800141a        0x2 
 .text.TIM_Base_SetConfig
                0x000000000800141c       0xc8 build/stm32f4xx_hal_tim.o
                0x000000000800141c                TIM_Base_SetConfig
 .text.HAL_TIM_Base_Init
                0x00000000080014e4       0x34 build/stm32f4xx_hal_tim.o
                0x00000000080014e4                HAL_TIM_Base_Init
 .text.HAL_TIM_PWM_Init
                0x0000000008001518       0x34 build/stm32f4xx_hal_tim.o
                0x0000000008001518                HAL_TIM_PWM_Init
 .text.HAL_TIM_Encoder_Init
                0x000000000800154c       0xa2 build/stm32f4xx_hal_tim.o
                0x000000000800154c                HAL_TIM_Encoder_Init
 *fill*         0x00000000080015ee        0x2 
 .text.TIM_OC2_SetConfig
                0x00000000080015f0       0x70 build/stm32f4xx_hal_tim.o
                0x00000000080015f0                TIM_OC2_SetConfig
 .text.HAL_TIM_PWM_ConfigChannel
                0x0000000008001660       0xdc build/stm32f4xx_hal_tim.o
                0x0000000008001660                HAL_TIM_PWM_ConfigChannel
 .text.TIM_CCxChannelCmd
                0x000000000800173c       0x1e build/stm32f4xx_hal_tim.o
                0x000000000800173c                TIM_CCxChannelCmd
 *fill*         0x000000000800175a        0x2 
 .text.HAL_TIM_PWM_Start
                0x000000000800175c       0x40 build/stm32f4xx_hal_tim.o
                0x000000000800175c                HAL_TIM_PWM_Start
 .text.HAL_TIM_Encoder_Start
                0x000000000800179c       0x44 build/stm32f4xx_hal_tim.o
                0x000000000800179c                HAL_TIM_Encoder_Start
 .text.HAL_TIMEx_MasterConfigSynchronization
                0x00000000080017e0       0x8c build/stm32f4xx_hal_tim_ex.o
                0x00000000080017e0                HAL_TIMEx_MasterConfigSynchronization
 .text.HAL_TIMEx_ConfigBreakDeadTime
                0x000000000800186c       0x52 build/stm32f4xx_hal_tim_ex.o
                0x000000000800186c                HAL_TIMEx_ConfigBreakDeadTime
 .text.HAL_TIMEx_CommutCallback
                0x00000000080018be        0x2 build/stm32f4xx_hal_tim_ex.o
                0x00000000080018be                HAL_TIMEx_CommutCallback
 .text.HAL_TIMEx_BreakCallback
                0x00000000080018c0        0x2 build/stm32f4xx_hal_tim_ex.o
                0x00000000080018c0                HAL_TIMEx_BreakCallback
 .text.UART_EndTxTransfer
                0x00000000080018c2       0x12 build/stm32f4xx_hal_uart.o
 .text.UART_EndRxTransfer
                0x00000000080018d4       0x1c build/stm32f4xx_hal_uart.o
 .text.UART_Transmit_IT
                0x00000000080018f0       0x66 build/stm32f4xx_hal_uart.o
 *fill*         0x0000000008001956        0x2 
 .text.UART_SetConfig
                0x0000000008001958      0x1d4 build/stm32f4xx_hal_uart.o
 .text.HAL_UART_Init
                0x0000000008001b2c       0x5e build/stm32f4xx_hal_uart.o
                0x0000000008001b2c                HAL_UART_Init
 *fill*         0x0000000008001b8a        0x2 
 .text.HAL_UART_Transmit_DMA
                0x0000000008001b8c       0x8c build/stm32f4xx_hal_uart.o
                0x0000000008001b8c                HAL_UART_Transmit_DMA
 .text.HAL_UART_Receive_DMA
                0x0000000008001c18       0xa8 build/stm32f4xx_hal_uart.o
                0x0000000008001c18                HAL_UART_Receive_DMA
 .text.UART_DMATransmitCplt
                0x0000000008001cc0       0x30 build/stm32f4xx_hal_uart.o
 .text.UART_EndTransmit_IT
                0x0000000008001cf0       0x1a build/stm32f4xx_hal_uart.o
 .text.HAL_UART_TxHalfCpltCallback
                0x0000000008001d0a        0x2 build/stm32f4xx_hal_uart.o
                0x0000000008001d0a                HAL_UART_TxHalfCpltCallback
 .text.UART_DMATxHalfCplt
                0x0000000008001d0c        0xa build/stm32f4xx_hal_uart.o
 .text.UART_DMAReceiveCplt
                0x0000000008001d16       0x3e build/stm32f4xx_hal_uart.o
 .text.UART_Receive_IT
                0x0000000008001d54       0x9e build/stm32f4xx_hal_uart.o
 .text.HAL_UART_RxHalfCpltCallback
                0x0000000008001df2        0x2 build/stm32f4xx_hal_uart.o
                0x0000000008001df2                HAL_UART_RxHalfCpltCallback
 .text.UART_DMARxHalfCplt
                0x0000000008001df4        0xa build/stm32f4xx_hal_uart.o
 .text.HAL_UART_ErrorCallback
                0x0000000008001dfe        0x2 build/stm32f4xx_hal_uart.o
                0x0000000008001dfe                HAL_UART_ErrorCallback
 .text.UART_DMAError
                0x0000000008001e00       0x58 build/stm32f4xx_hal_uart.o
 .text.HAL_UART_IRQHandler
                0x0000000008001e58      0x128 build/stm32f4xx_hal_uart.o
                0x0000000008001e58                HAL_UART_IRQHandler
 .text.UART_DMAAbortOnError
                0x0000000008001f80       0x10 build/stm32f4xx_hal_uart.o
 .text.HAL_RCC_OscConfig
                0x0000000008001f90      0x3ec build/stm32f4xx_hal_rcc.o
                0x0000000008001f90                HAL_RCC_OscConfig
 .text.HAL_RCC_GetSysClockFreq
                0x000000000800237c       0xd4 build/stm32f4xx_hal_rcc.o
                0x000000000800237c                HAL_RCC_GetSysClockFreq
 .text.HAL_RCC_ClockConfig
                0x0000000008002450      0x160 build/stm32f4xx_hal_rcc.o
                0x0000000008002450                HAL_RCC_ClockConfig
 .text.HAL_RCC_GetHCLKFreq
                0x00000000080025b0        0xc build/stm32f4xx_hal_rcc.o
                0x00000000080025b0                HAL_RCC_GetHCLKFreq
 .text.HAL_RCC_GetPCLK1Freq
                0x00000000080025bc       0x20 build/stm32f4xx_hal_rcc.o
                0x00000000080025bc                HAL_RCC_GetPCLK1Freq
 .text.HAL_RCC_GetPCLK2Freq
                0x00000000080025dc       0x20 build/stm32f4xx_hal_rcc.o
                0x00000000080025dc                HAL_RCC_GetPCLK2Freq
 .text.HAL_RCC_GetClockConfig
                0x00000000080025fc       0x3c build/stm32f4xx_hal_rcc.o
                0x00000000080025fc                HAL_RCC_GetClockConfig
 .text.HAL_GPIO_Init
                0x0000000008002638      0x1d0 build/stm32f4xx_hal_gpio.o
                0x0000000008002638                HAL_GPIO_Init
 .text.HAL_GPIO_ReadPin
                0x0000000008002808        0xe build/stm32f4xx_hal_gpio.o
                0x0000000008002808                HAL_GPIO_ReadPin
 .text.HAL_GPIO_WritePin
                0x0000000008002816        0xc build/stm32f4xx_hal_gpio.o
                0x0000000008002816                HAL_GPIO_WritePin
 .text.DMA_SetConfig
                0x0000000008002822       0x2c build/stm32f4xx_hal_dma.o
 *fill*         0x000000000800284e        0x2 
 .text.DMA_CalcBaseAndBitshift
                0x0000000008002850       0x44 build/stm32f4xx_hal_dma.o
 .text.DMA_CheckFifoParam
                0x0000000008002894       0x8e build/stm32f4xx_hal_dma.o
 *fill*         0x0000000008002922        0x2 
 .text.HAL_DMA_Init
                0x0000000008002924       0xcc build/stm32f4xx_hal_dma.o
                0x0000000008002924                HAL_DMA_Init
 .text.HAL_DMA_Start_IT
                0x00000000080029f0       0x6a build/stm32f4xx_hal_dma.o
                0x00000000080029f0                HAL_DMA_Start_IT
 .text.HAL_DMA_Abort_IT
                0x0000000008002a5a       0x26 build/stm32f4xx_hal_dma.o
                0x0000000008002a5a                HAL_DMA_Abort_IT
 .text.HAL_DMA_IRQHandler
                0x0000000008002a80      0x1dc build/stm32f4xx_hal_dma.o
                0x0000000008002a80                HAL_DMA_IRQHandler
 .text.HAL_NVIC_SetPriorityGrouping
                0x0000000008002c5c       0x24 build/stm32f4xx_hal_cortex.o
                0x0000000008002c5c                HAL_NVIC_SetPriorityGrouping
 .text.HAL_NVIC_SetPriority
                0x0000000008002c80       0x70 build/stm32f4xx_hal_cortex.o
                0x0000000008002c80                HAL_NVIC_SetPriority
 .text.HAL_NVIC_EnableIRQ
                0x0000000008002cf0       0x1c build/stm32f4xx_hal_cortex.o
                0x0000000008002cf0                HAL_NVIC_EnableIRQ
 .text.HAL_Init
                0x0000000008002d0c       0x34 build/stm32f4xx_hal.o
                0x0000000008002d0c                HAL_Init
 .text.HAL_IncTick
                0x0000000008002d40       0x18 build/stm32f4xx_hal.o
                0x0000000008002d40                HAL_IncTick
 .text.HAL_GetTick
                0x0000000008002d58        0xc build/stm32f4xx_hal.o
                0x0000000008002d58                HAL_GetTick
 .text.HAL_Delay
                0x0000000008002d64       0x28 build/stm32f4xx_hal.o
                0x0000000008002d64                HAL_Delay
 .text.vListInsertEnd
                0x0000000008002d8c       0x16 build/list.o
                0x0000000008002d8c                vListInsertEnd
 .text.uxListRemove
                0x0000000008002da2       0x26 build/list.o
                0x0000000008002da2                uxListRemove
 .text.prvResetNextTaskUnblockTime
                0x0000000008002dc8       0x2c build/tasks.o
 .text.xTaskIncrementTick
                0x0000000008002df4      0x118 build/tasks.o
                0x0000000008002df4                xTaskIncrementTick
 .text.vTaskSwitchContext
                0x0000000008002f0c       0x98 build/tasks.o
                0x0000000008002f0c                vTaskSwitchContext
 *fill*         0x0000000008002fa4        0xc 
 .text.SVC_Handler
                0x0000000008002fb0       0x24 build/port.o
                0x0000000008002fb0                SVC_Handler
 *fill*         0x0000000008002fd4        0xc 
 .text.PendSV_Handler
                0x0000000008002fe0       0x64 build/port.o
                0x0000000008002fe0                PendSV_Handler
 .text.SysTick_Handler
                0x0000000008003044       0x2c build/port.o
                0x0000000008003044                SysTick_Handler
 .text.NMI_Handler
                0x0000000008003070        0x2 build/stm32f4xx_it.o
                0x0000000008003070                NMI_Handler
 .text.HardFault_Handler
                0x0000000008003072        0x2 build/stm32f4xx_it.o
                0x0000000008003072                HardFault_Handler
 .text.MemManage_Handler
                0x0000000008003074        0x2 build/stm32f4xx_it.o
                0x0000000008003074                MemManage_Handler
 .text.BusFault_Handler
                0x0000000008003076        0x2 build/stm32f4xx_it.o
                0x0000000008003076                BusFault_Handler
 .text.UsageFault_Handler
                0x0000000008003078        0x2 build/stm32f4xx_it.o
                0x0000000008003078                UsageFault_Handler
 .text.DebugMon_Handler
                0x000000000800307a        0x2 build/stm32f4xx_it.o
                0x000000000800307a                DebugMon_Handler
 .text.TIM5_IRQHandler
                0x000000000800307c       0x10 build/stm32f4xx_it.o
                0x000000000800307c                TIM5_IRQHandler
 .text.DMA1_Stream5_IRQHandler
                0x000000000800308c       0x10 build/stm32f4xx_it.o
                0x000000000800308c                DMA1_Stream5_IRQHandler
 .text.DMA1_Stream6_IRQHandler
                0x000000000800309c       0x10 build/stm32f4xx_it.o
                0x000000000800309c                DMA1_Stream6_IRQHandler
 .text.DMA1_Stream2_IRQHandler
                0x00000000080030ac       0x10 build/stm32f4xx_it.o
                0x00000000080030ac                DMA1_Stream2_IRQHandler
 .text.DMA1_Stream4_IRQHandler
                0x00000000080030bc       0x10 build/stm32f4xx_it.o
                0x00000000080030bc                DMA1_Stream4_IRQHandler
 .text.USART2_IRQHandler
                0x00000000080030cc       0x10 build/stm32f4xx_it.o
                0x00000000080030cc                USART2_IRQHandler
 .text.UART4_IRQHandler
                0x00000000080030dc       0x10 build/stm32f4xx_it.o
                0x00000000080030dc                UART4_IRQHandler
 .text.HAL_MspInit
                0x00000000080030ec       0x44 build/stm32f4xx_hal_msp.o
                0x00000000080030ec                HAL_MspInit
 .text.HAL_InitTick
                0x0000000008003130       0x7c build/stm32f4xx_hal_timebase_tim.o
                0x0000000008003130                HAL_InitTick
 .text.SystemInit
                0x00000000080031ac       0x1c build/system_stm32f4xx.o
                0x00000000080031ac                SystemInit
 .text.MX_GPIO_Init
                0x00000000080031c8      0x168 build/gpio.o
                0x00000000080031c8                MX_GPIO_Init
 .text.MX_I2C1_Init
                0x0000000008003330       0x3c build/i2c.o
                0x0000000008003330                MX_I2C1_Init
 .text.HAL_I2C_MspInit
                0x000000000800336c       0x74 build/i2c.o
                0x000000000800336c                HAL_I2C_MspInit
 .text.MX_TIM1_Init
                0x00000000080033e0       0x68 build/tim.o
                0x00000000080033e0                MX_TIM1_Init
 .text.MX_TIM2_Init
                0x0000000008003448       0x64 build/tim.o
                0x0000000008003448                MX_TIM2_Init
 .text.MX_TIM3_Init
                0x00000000080034ac       0x68 build/tim.o
                0x00000000080034ac                MX_TIM3_Init
 .text.MX_TIM4_Init
                0x0000000008003514       0x68 build/tim.o
                0x0000000008003514                MX_TIM4_Init
 .text.HAL_TIM_Encoder_MspInit
                0x000000000800357c      0x1c8 build/tim.o
                0x000000000800357c                HAL_TIM_Encoder_MspInit
 .text.HAL_TIM_PWM_MspInit
                0x0000000008003744       0x30 build/tim.o
                0x0000000008003744                HAL_TIM_PWM_MspInit
 .text.HAL_TIM_MspPostInit
                0x0000000008003774       0x5c build/tim.o
                0x0000000008003774                HAL_TIM_MspPostInit
 .text.MX_TIM8_Init
                0x00000000080037d0       0xf0 build/tim.o
                0x00000000080037d0                MX_TIM8_Init
 .text.MX_DMA_Init
                0x00000000080038c0       0x98 build/dma.o
                0x00000000080038c0                MX_DMA_Init
 .text.MX_UART4_Init
                0x0000000008003958       0x34 build/usart.o
                0x0000000008003958                MX_UART4_Init
 .text.MX_USART2_UART_Init
                0x000000000800398c       0x34 build/usart.o
                0x000000000800398c                MX_USART2_UART_Init
 .text.HAL_UART_MspInit
                0x00000000080039c0      0x2e4 build/usart.o
                0x00000000080039c0                HAL_UART_MspInit
 .text.ITM_SendString
                0x0000000008003ca4       0x44 build/printf_config.o
                0x0000000008003ca4                ITM_SendString
 .text._write   0x0000000008003ce8        0xc build/printf_config.o
                0x0000000008003ce8                _write
 .text.Reset_Handler
                0x0000000008003cf4       0x50 build/startup_stm32f407xx.o
                0x0000000008003cf4                Reset_Handler
 .text.Default_Handler
                0x0000000008003d44        0x2 build/startup_stm32f407xx.o
                0x0000000008003d44                RTC_Alarm_IRQHandler
                0x0000000008003d44                HASH_RNG_IRQHandler
                0x0000000008003d44                EXTI2_IRQHandler
                0x0000000008003d44                TIM8_CC_IRQHandler
                0x0000000008003d44                TIM1_CC_IRQHandler
                0x0000000008003d44                DMA2_Stream5_IRQHandler
                0x0000000008003d44                PVD_IRQHandler
                0x0000000008003d44                SDIO_IRQHandler
                0x0000000008003d44                TAMP_STAMP_IRQHandler
                0x0000000008003d44                CAN2_RX1_IRQHandler
                0x0000000008003d44                EXTI3_IRQHandler
                0x0000000008003d44                TIM8_TRG_COM_TIM14_IRQHandler
                0x0000000008003d44                TIM1_UP_TIM10_IRQHandler
                0x0000000008003d44                TIM8_UP_TIM13_IRQHandler
                0x0000000008003d44                I2C3_ER_IRQHandler
                0x0000000008003d44                EXTI0_IRQHandler
                0x0000000008003d44                I2C2_EV_IRQHandler
                0x0000000008003d44                CAN1_RX0_IRQHandler
                0x0000000008003d44                FPU_IRQHandler
                0x0000000008003d44                OTG_HS_WKUP_IRQHandler
                0x0000000008003d44                CAN2_SCE_IRQHandler
                0x0000000008003d44                DMA2_Stream2_IRQHandler
                0x0000000008003d44                SPI1_IRQHandler
                0x0000000008003d44                TIM6_DAC_IRQHandler
                0x0000000008003d44                TIM1_BRK_TIM9_IRQHandler
                0x0000000008003d44                DCMI_IRQHandler
                0x0000000008003d44                CAN2_RX0_IRQHandler
                0x0000000008003d44                DMA2_Stream3_IRQHandler
                0x0000000008003d44                USART6_IRQHandler
                0x0000000008003d44                USART3_IRQHandler
                0x0000000008003d44                CAN1_RX1_IRQHandler
                0x0000000008003d44                UART5_IRQHandler
                0x0000000008003d44                DMA2_Stream0_IRQHandler
                0x0000000008003d44                TIM4_IRQHandler
                0x0000000008003d44                I2C1_EV_IRQHandler
                0x0000000008003d44                DMA1_Stream1_IRQHandler
                0x0000000008003d44                TIM3_IRQHandler
                0x0000000008003d44                RCC_IRQHandler
                0x0000000008003d44                TIM8_BRK_TIM12_IRQHandler
                0x0000000008003d44                Default_Handler
                0x0000000008003d44                EXTI15_10_IRQHandler
                0x0000000008003d44                ADC_IRQHandler
                0x0000000008003d44                DMA1_Stream7_IRQHandler
                0x0000000008003d44                TIM7_IRQHandler
                0x0000000008003d44                CAN2_TX_IRQHandler
                0x0000000008003d44                DMA2_Stream7_IRQHandler
                0x0000000008003d44                I2C3_EV_IRQHandler
                0x0000000008003d44                EXTI9_5_IRQHandler
                0x0000000008003d44                RTC_WKUP_IRQHandler
                0x0000000008003d44                ETH_WKUP_IRQHandler
                0x0000000008003d44                SPI2_IRQHandler
                0x0000000008003d44                OTG_HS_EP1_IN_IRQHandler
                0x0000000008003d44                DMA1_Stream0_IRQHandler
                0x0000000008003d44                CAN1_TX_IRQHandler
                0x0000000008003d44                EXTI4_IRQHandler
                0x0000000008003d44                FSMC_IRQHandler
                0x0000000008003d44                ETH_IRQHandler
                0x0000000008003d44                OTG_HS_EP1_OUT_IRQHandler
                0x0000000008003d44                WWDG_IRQHandler
                0x0000000008003d44                TIM2_IRQHandler
                0x0000000008003d44                OTG_FS_WKUP_IRQHandler
                0x0000000008003d44                TIM1_TRG_COM_TIM11_IRQHandler
                0x0000000008003d44                OTG_HS_IRQHandler
                0x0000000008003d44                EXTI1_IRQHandler
                0x0000000008003d44                I2C2_ER_IRQHandler
                0x0000000008003d44                DMA2_Stream1_IRQHandler
                0x0000000008003d44                CAN1_SCE_IRQHandler
                0x0000000008003d44                FLASH_IRQHandler
                0x0000000008003d44                DMA2_Stream4_IRQHandler
                0x0000000008003d44                USART1_IRQHandler
                0x0000000008003d44                OTG_FS_IRQHandler
                0x0000000008003d44                SPI3_IRQHandler
                0x0000000008003d44                I2C1_ER_IRQHandler
                0x0000000008003d44                DMA2_Stream6_IRQHandler
                0x0000000008003d44                DMA1_Stream3_IRQHandler
 .text._ZL7set_pwmP17TIM_HandleTypeDefmt
                0x0000000008003d46       0x22 build/motor.o
 .text._ZL18set_motorDirectionP12Motor_config9Direction
                0x0000000008003d68       0x4c build/motor.o
 .text._ZN5motor14set_motorParamEN9actuators18motor_driver_paramE
                0x0000000008003db4       0x5e build/motor.o
                0x0000000008003db4                motor::set_motorParam(actuators::motor_driver_param)
 .text._ZNK9actuators18motor_driver_param9serializeEPh
                0x0000000008003e12       0x1a build/robo_init.o
                0x0000000008003e12                actuators::motor_driver_param::serialize(unsigned char*) const
 .text._ZN9actuators18motor_driver_param11deserializeEPh
                0x0000000008003e2c       0x1c build/robo_init.o
                0x0000000008003e2c                actuators::motor_driver_param::deserialize(unsigned char*)
 .text._ZN9actuators18motor_driver_param7getTypeEv
                0x0000000008003e48        0x8 build/robo_init.o
                0x0000000008003e48                actuators::motor_driver_param::getType()
 .text._ZN9actuators18motor_driver_param6getMD5Ev
                0x0000000008003e50        0x8 build/robo_init.o
                0x0000000008003e50                actuators::motor_driver_param::getMD5()
 .text._ZN10free_wheelD2Ev
                0x0000000008003e58        0x2 build/robo_init.o
                0x0000000008003e58                free_wheel::~free_wheel()
                0x0000000008003e58                free_wheel::~free_wheel()
 *fill*         0x0000000008003e5a        0x2 
 .text.__tcf_0  0x0000000008003e5c       0x18 build/robo_init.o
 .text.__tcf_1  0x0000000008003e74       0x18 build/robo_init.o
 .text._Z41__static_initialization_and_destruction_0ii
                0x0000000008003e8c       0xb0 build/robo_init.o
 .text._Z17motorAllInitilizev
                0x0000000008003f3c       0xbc build/robo_init.o
                0x0000000008003f3c                motorAllInitilize()
 .text._Z19encoderAllInitilizev
                0x0000000008003ff8       0x48 build/robo_init.o
                0x0000000008003ff8                encoderAllInitilize()
 .text._Z21freeWheelAllInitilizev
                0x0000000008004040       0x58 build/robo_init.o
                0x0000000008004040                freeWheelAllInitilize()
 .text._Z9robo_initv
                0x0000000008004098       0x10 build/robo_init.o
                0x0000000008004098                robo_init()
 .text._GLOBAL__sub_I_ex
                0x00000000080040a8        0xe build/robo_init.o
 *fill*         0x00000000080040b6        0x2 
 .text.HAL_TIM_PeriodElapsedCallback
                0x00000000080040b8       0x18 build/main.o
                0x00000000080040b8                HAL_TIM_PeriodElapsedCallback
 .text.Error_Handler
                0x00000000080040d0        0x4 build/main.o
                0x00000000080040d0                Error_Handler
 .text._Z18SystemClock_Configv
                0x00000000080040d4       0xac build/main.o
                0x00000000080040d4                SystemClock_Config()
 .text.main     0x0000000008004180       0x3c build/main.o
                0x0000000008004180                main
 .text._ZN3ros16normalizeSecNSecERmS0_
                0x00000000080041bc       0x2c build/time.o
                0x00000000080041bc                ros::normalizeSecNSec(unsigned long&, unsigned long&)
 .text._ZNK8std_msgs4Time9serializeEPh
                0x00000000080041e8       0x28 build/operation.o
                0x00000000080041e8                std_msgs::Time::serialize(unsigned char*) const
 .text._ZN8std_msgs4Time11deserializeEPh
                0x0000000008004210       0x3c build/operation.o
                0x0000000008004210                std_msgs::Time::deserialize(unsigned char*)
 .text._ZN8std_msgs4Time7getTypeEv
                0x000000000800424c        0x8 build/operation.o
                0x000000000800424c                std_msgs::Time::getType()
 .text._ZN8std_msgs4Time6getMD5Ev
                0x0000000008004254        0x8 build/operation.o
                0x0000000008004254                std_msgs::Time::getMD5()
 .text._ZN14rosserial_msgs9TopicInfo7getTypeEv
                0x000000000800425c        0x8 build/operation.o
                0x000000000800425c                rosserial_msgs::TopicInfo::getType()
 .text._ZN14rosserial_msgs9TopicInfo6getMD5Ev
                0x0000000008004264        0x8 build/operation.o
                0x0000000008004264                rosserial_msgs::TopicInfo::getMD5()
 .text._ZN14rosserial_msgs3Log7getTypeEv
                0x000000000800426c        0x8 build/operation.o
                0x000000000800426c                rosserial_msgs::Log::getType()
 .text._ZN14rosserial_msgs3Log6getMD5Ev
                0x0000000008004274        0x8 build/operation.o
                0x0000000008004274                rosserial_msgs::Log::getMD5()
 .text._ZN14rosserial_msgs20RequestParamResponse7getTypeEv
                0x000000000800427c        0x8 build/operation.o
                0x000000000800427c                rosserial_msgs::RequestParamResponse::getType()
 .text._ZN14rosserial_msgs20RequestParamResponse6getMD5Ev
                0x0000000008004284        0x8 build/operation.o
                0x0000000008004284                rosserial_msgs::RequestParamResponse::getMD5()
 .text._ZNK9actuators7Vector49serializeEPh
                0x000000000800428c       0x3e build/operation.o
                0x000000000800428c                actuators::Vector4::serialize(unsigned char*) const
 .text._ZN9actuators7Vector411deserializeEPh
                0x00000000080042ca       0x42 build/operation.o
                0x00000000080042ca                actuators::Vector4::deserialize(unsigned char*)
 .text._ZN9actuators7Vector47getTypeEv
                0x000000000800430c        0x8 build/operation.o
                0x000000000800430c                actuators::Vector4::getType()
 .text._ZN9actuators7Vector46getMD5Ev
                0x0000000008004314        0x8 build/operation.o
                0x0000000008004314                actuators::Vector4::getMD5()
 .text._ZNK9actuators7Vector29serializeEPh
                0x000000000800431c       0x3e build/operation.o
                0x000000000800431c                actuators::Vector2::serialize(unsigned char*) const
 .text._ZN9actuators7Vector211deserializeEPh
                0x000000000800435a       0x3a build/operation.o
                0x000000000800435a                actuators::Vector2::deserialize(unsigned char*)
 .text._ZN9actuators7Vector27getTypeEv
                0x0000000008004394        0x8 build/operation.o
                0x0000000008004394                actuators::Vector2::getType()
 .text._ZN9actuators7Vector26getMD5Ev
                0x000000000800439c        0x8 build/operation.o
                0x000000000800439c                actuators::Vector2::getMD5()
 .text._Z41__static_initialization_and_destruction_0ii
                0x00000000080043a4      0x198 build/operation.o
 .text._ZN3ros10SubscriberIN9actuators18motor_driver_paramEvE8callbackEPh
                0x000000000800453c       0x22 build/operation.o
                0x000000000800453c                ros::Subscriber<actuators::motor_driver_param, void>::callback(unsigned char*)
 .text._ZN3ros10SubscriberIN9actuators18motor_driver_paramEvE15getEndpointTypeEv
                0x000000000800455e        0x4 build/operation.o
                0x000000000800455e                ros::Subscriber<actuators::motor_driver_param, void>::getEndpointType()
 *fill*         0x0000000008004562        0x2 
 .text._ZN3ros10SubscriberIN9actuators18motor_driver_paramEvE10getMsgTypeEv
                0x0000000008004564        0x8 build/operation.o
                0x0000000008004564                ros::Subscriber<actuators::motor_driver_param, void>::getMsgType()
 .text._ZN3ros10SubscriberIN9actuators18motor_driver_paramEvE9getMsgMD5Ev
                0x000000000800456c        0x8 build/operation.o
                0x000000000800456c                ros::Subscriber<actuators::motor_driver_param, void>::getMsgMD5()
 .text._ZN3ros11NodeHandle_I13STM32HardwareLi25ELi25ELi512ELi512EE9connectedEv
                0x0000000008004574        0x6 build/operation.o
                0x0000000008004574                ros::NodeHandle_<STM32Hardware, 25, 25, 512, 512>::connected()
 *fill*         0x000000000800457a        0x2 
 .text._Z19motor_base_callbackRKN9actuators18motor_driver_paramE
                0x000000000800457c       0x44 build/operation.o
                0x000000000800457c                motor_base_callback(actuators::motor_driver_param const&)
 .text._ZN3ros11NodeHandle_I13STM32HardwareLi25ELi25ELi512ELi512EE7publishEiPKNS_3MsgE
                0x00000000080045c0      0x188 build/operation.o
                0x00000000080045c0                ros::NodeHandle_<STM32Hardware, 25, 25, 512, 512>::publish(int, ros::Msg const*)
 .text._ZNK14rosserial_msgs9TopicInfo9serializeEPh
                0x0000000008004748       0xae build/operation.o
                0x0000000008004748                rosserial_msgs::TopicInfo::serialize(unsigned char*) const
 .text._ZNK14rosserial_msgs3Log9serializeEPh
                0x00000000080047f6       0x36 build/operation.o
                0x00000000080047f6                rosserial_msgs::Log::serialize(unsigned char*) const
 .text._ZNK14rosserial_msgs20RequestParamResponse9serializeEPh
                0x000000000800482c       0xf2 build/operation.o
                0x000000000800482c                rosserial_msgs::RequestParamResponse::serialize(unsigned char*) const
 .text._ZN14rosserial_msgs20RequestParamResponse11deserializeEPh
                0x000000000800491e      0x148 build/operation.o
                0x000000000800491e                rosserial_msgs::RequestParamResponse::deserialize(unsigned char*)
 .text._ZN14rosserial_msgs3Log11deserializeEPh
                0x0000000008004a66       0x4e build/operation.o
                0x0000000008004a66                rosserial_msgs::Log::deserialize(unsigned char*)
 .text._ZN14rosserial_msgs9TopicInfo11deserializeEPh
                0x0000000008004ab4      0x104 build/operation.o
                0x0000000008004ab4                rosserial_msgs::TopicInfo::deserialize(unsigned char*)
 .text.HAL_UART_TxCpltCallback
                0x0000000008004bb8       0x74 build/operation.o
                0x0000000008004bb8                HAL_UART_TxCpltCallback
 .text.HAL_UART_RxCpltCallback
                0x0000000008004c2c       0x18 build/operation.o
                0x0000000008004c2c                HAL_UART_RxCpltCallback
 .text.init     0x0000000008004c44       0xb4 build/operation.o
                0x0000000008004c44                init
 .text._ZN3ros11NodeHandle_I13STM32HardwareLi25ELi25ELi512ELi512EE15negotiateTopicsEv
                0x0000000008004cf8       0xe0 build/operation.o
                0x0000000008004cf8                ros::NodeHandle_<STM32Hardware, 25, 25, 512, 512>::negotiateTopics()
 .text._ZN3ros11NodeHandle_I13STM32HardwareLi25ELi25ELi512ELi512EE8spinOnceEv
                0x0000000008004dd8      0x374 build/operation.o
                0x0000000008004dd8                ros::NodeHandle_<STM32Hardware, 25, 25, 512, 512>::spinOnce()
 *fill*         0x000000000800514c        0x4 
 .text.run      0x0000000008005150      0x178 build/operation.o
                0x0000000008005150                run
 .text._GLOBAL__sub_I_nh
                0x00000000080052c8        0xe build/operation.o
 .text.__aeabi_atexit
                0x00000000080052d6        0xa /home/love/Documents/gcc-arm-none-eabi-10-2020-q4-major/bin/../lib/gcc/arm-none-eabi/10.2.1/../../../../arm-none-eabi/lib/thumb/v7e-m+fp/hard/libstdc++_nano.a(atexit_arm.o)
                0x00000000080052d6                __aeabi_atexit
 .text._ZNK10__cxxabiv117__class_type_info11__do_upcastEPKS0_PPv
                0x00000000080052e0       0x32 /home/love/Documents/gcc-arm-none-eabi-10-2020-q4-major/bin/../lib/gcc/arm-none-eabi/10.2.1/../../../../arm-none-eabi/lib/thumb/v7e-m+fp/hard/libstdc++_nano.a(class_type_info.o)
                0x00000000080052e0                __cxxabiv1::__class_type_info::__do_upcast(__cxxabiv1::__class_type_info const*, void**) const
 .text._ZNK10__cxxabiv117__class_type_info20__do_find_public_srcEiPKvPKS0_S2_
                0x0000000008005312        0xc /home/love/Documents/gcc-arm-none-eabi-10-2020-q4-major/bin/../lib/gcc/arm-none-eabi/10.2.1/../../../../arm-none-eabi/lib/thumb/v7e-m+fp/hard/libstdc++_nano.a(class_type_info.o)
                0x0000000008005312                __cxxabiv1::__class_type_info::__do_find_public_src(int, void const*, __cxxabiv1::__class_type_info const*, void const*) const
 *fill*         0x000000000800531e        0x2 
 .text._ZN10__cxxabiv117__class_type_infoD2Ev
                0x0000000008005320       0x14 /home/love/Documents/gcc-arm-none-eabi-10-2020-q4-major/bin/../lib/gcc/arm-none-eabi/10.2.1/../../../../arm-none-eabi/lib/thumb/v7e-m+fp/hard/libstdc++_nano.a(class_type_info.o)
                0x0000000008005320                __cxxabiv1::__class_type_info::~__class_type_info()
                0x0000000008005320                __cxxabiv1::__class_type_info::~__class_type_info()
 .text._ZN10__cxxabiv117__class_type_infoD0Ev
                0x0000000008005334       0x14 /home/love/Documents/gcc-arm-none-eabi-10-2020-q4-major/bin/../lib/gcc/arm-none-eabi/10.2.1/../../../../arm-none-eabi/lib/thumb/v7e-m+fp/hard/libstdc++_nano.a(class_type_info.o)
                0x0000000008005334                __cxxabiv1::__class_type_info::~__class_type_info()
 .text._ZNK10__cxxabiv117__class_type_info12__do_dyncastEiNS0_10__sub_kindEPKS0_PKvS3_S5_RNS0_16__dyncast_resultE
                0x0000000008005348       0x3e /home/love/Documents/gcc-arm-none-eabi-10-2020-q4-major/bin/../lib/gcc/arm-none-eabi/10.2.1/../../../../arm-none-eabi/lib/thumb/v7e-m+fp/hard/libstdc++_nano.a(class_type_info.o)
                0x0000000008005348                __cxxabiv1::__class_type_info::__do_dyncast(int, __cxxabiv1::__class_type_info::__sub_kind, __cxxabiv1::__class_type_info const*, void const*, __cxxabiv1::__class_type_info const*, void const*, __cxxabiv1::__class_type_info::__dyncast_result&) const
 .text._ZNK10__cxxabiv117__class_type_info11__do_upcastEPKS0_PKvRNS0_15__upcast_resultE
                0x0000000008005386       0x18 /home/love/Documents/gcc-arm-none-eabi-10-2020-q4-major/bin/../lib/gcc/arm-none-eabi/10.2.1/../../../../arm-none-eabi/lib/thumb/v7e-m+fp/hard/libstdc++_nano.a(class_type_info.o)
                0x0000000008005386                __cxxabiv1::__class_type_info::__do_upcast(__cxxabiv1::__class_type_info const*, void const*, __cxxabiv1::__class_type_info::__upcast_result&) const
 .text._ZNK10__cxxabiv117__class_type_info10__do_catchEPKSt9type_infoPPvj
                0x000000000800539e       0x2a /home/love/Documents/gcc-arm-none-eabi-10-2020-q4-major/bin/../lib/gcc/arm-none-eabi/10.2.1/../../../../arm-none-eabi/lib/thumb/v7e-m+fp/hard/libstdc++_nano.a(class_type_info.o)
                0x000000000800539e                __cxxabiv1::__class_type_info::__do_catch(std::type_info const*, void**, unsigned int) const
 .text._ZdlPvj  0x00000000080053c8        0x4 /home/love/Documents/gcc-arm-none-eabi-10-2020-q4-major/bin/../lib/gcc/arm-none-eabi/10.2.1/../../../../arm-none-eabi/lib/thumb/v7e-m+fp/hard/libstdc++_nano.a(del_ops.o)
                0x00000000080053c8                operator delete(void*, unsigned int)
 .text._Znwj    0x00000000080053cc       0x22 /home/love/Documents/gcc-arm-none-eabi-10-2020-q4-major/bin/../lib/gcc/arm-none-eabi/10.2.1/../../../../arm-none-eabi/lib/thumb/v7e-m+fp/hard/libstdc++_nano.a(new_op.o)
                0x00000000080053cc                operator new(unsigned int)
 .text.__cxa_pure_virtual
                0x00000000080053ee        0x6 /home/love/Documents/gcc-arm-none-eabi-10-2020-q4-major/bin/../lib/gcc/arm-none-eabi/10.2.1/../../../../arm-none-eabi/lib/thumb/v7e-m+fp/hard/libstdc++_nano.a(pure.o)
                0x00000000080053ee                __cxa_pure_virtual
 .text._ZN10__cxxabiv120__si_class_type_infoD2Ev
                0x00000000080053f4       0x14 /home/love/Documents/gcc-arm-none-eabi-10-2020-q4-major/bin/../lib/gcc/arm-none-eabi/10.2.1/../../../../arm-none-eabi/lib/thumb/v7e-m+fp/hard/libstdc++_nano.a(si_class_type_info.o)
                0x00000000080053f4                __cxxabiv1::__si_class_type_info::~__si_class_type_info()
                0x00000000080053f4                __cxxabiv1::__si_class_type_info::~__si_class_type_info()
 .text._ZN10__cxxabiv120__si_class_type_infoD0Ev
                0x0000000008005408       0x14 /home/love/Documents/gcc-arm-none-eabi-10-2020-q4-major/bin/../lib/gcc/arm-none-eabi/10.2.1/../../../../arm-none-eabi/lib/thumb/v7e-m+fp/hard/libstdc++_nano.a(si_class_type_info.o)
                0x0000000008005408                __cxxabiv1::__si_class_type_info::~__si_class_type_info()
 .text._ZNK10__cxxabiv120__si_class_type_info20__do_find_public_srcEiPKvPKNS_17__class_type_infoES2_
                0x000000000800541c       0x38 /home/love/Documents/gcc-arm-none-eabi-10-2020-q4-major/bin/../lib/gcc/arm-none-eabi/10.2.1/../../../../arm-none-eabi/lib/thumb/v7e-m+fp/hard/libstdc++_nano.a(si_class_type_info.o)
                0x000000000800541c                __cxxabiv1::__si_class_type_info::__do_find_public_src(int, void const*, __cxxabiv1::__class_type_info const*, void const*) const
 .text._ZNK10__cxxabiv120__si_class_type_info12__do_dyncastEiNS_17__class_type_info10__sub_kindEPKS1_PKvS4_S6_RNS1_16__dyncast_resultE
                0x0000000008005454       0x74 /home/love/Documents/gcc-arm-none-eabi-10-2020-q4-major/bin/../lib/gcc/arm-none-eabi/10.2.1/../../../../arm-none-eabi/lib/thumb/v7e-m+fp/hard/libstdc++_nano.a(si_class_type_info.o)
                0x0000000008005454                __cxxabiv1::__si_class_type_info::__do_dyncast(int, __cxxabiv1::__class_type_info::__sub_kind, __cxxabiv1::__class_type_info const*, void const*, __cxxabiv1::__class_type_info const*, void const*, __cxxabiv1::__class_type_info::__dyncast_result&) const
 .text._ZNK10__cxxabiv120__si_class_type_info11__do_upcastEPKNS_17__class_type_infoEPKvRNS1_15__upcast_resultE
                0x00000000080054c8       0x2a /home/love/Documents/gcc-arm-none-eabi-10-2020-q4-major/bin/../lib/gcc/arm-none-eabi/10.2.1/../../../../arm-none-eabi/lib/thumb/v7e-m+fp/hard/libstdc++_nano.a(si_class_type_info.o)
                0x00000000080054c8                __cxxabiv1::__si_class_type_info::__do_upcast(__cxxabiv1::__class_type_info const*, void const*, __cxxabiv1::__class_type_info::__upcast_result&) const
 .text._ZNSt9type_infoD2Ev
                0x00000000080054f2        0x2 /home/love/Documents/gcc-arm-none-eabi-10-2020-q4-major/bin/../lib/gcc/arm-none-eabi/10.2.1/../../../../arm-none-eabi/lib/thumb/v7e-m+fp/hard/libstdc++_nano.a(tinfo.o)
                0x00000000080054f2                std::type_info::~type_info()
                0x00000000080054f2                std::type_info::~type_info()
 .text._ZNKSt9type_info14__is_pointer_pEv
                0x00000000080054f4        0x4 /home/love/Documents/gcc-arm-none-eabi-10-2020-q4-major/bin/../lib/gcc/arm-none-eabi/10.2.1/../../../../arm-none-eabi/lib/thumb/v7e-m+fp/hard/libstdc++_nano.a(tinfo.o)
                0x00000000080054f4                std::type_info::__is_function_p() const
                0x00000000080054f4                std::type_info::__is_pointer_p() const
 .text._ZNKSt9type_infoeqERKS_
                0x00000000080054f8       0x2c /home/love/Documents/gcc-arm-none-eabi-10-2020-q4-major/bin/../lib/gcc/arm-none-eabi/10.2.1/../../../../arm-none-eabi/lib/thumb/v7e-m+fp/hard/libstdc++_nano.a(tinfo.o)
                0x00000000080054f8                std::type_info::operator==(std::type_info const&) const
 .text._ZdlPv   0x0000000008005524        0x4 /home/love/Documents/gcc-arm-none-eabi-10-2020-q4-major/bin/../lib/gcc/arm-none-eabi/10.2.1/../../../../arm-none-eabi/lib/thumb/v7e-m+fp/hard/libstdc++_nano.a(del_op.o)
                0x0000000008005524                operator delete(void*)
 .text._ZN10__cxxabiv111__terminateEPFvvE
                0x0000000008005528        0x8 /home/love/Documents/gcc-arm-none-eabi-10-2020-q4-major/bin/../lib/gcc/arm-none-eabi/10.2.1/../../../../arm-none-eabi/lib/thumb/v7e-m+fp/hard/libstdc++_nano.a(eh_terminate.o)
                0x0000000008005528                __cxxabiv1::__terminate(void (*)())
 .text._ZSt13get_terminatev
                0x0000000008005530       0x10 /home/love/Documents/gcc-arm-none-eabi-10-2020-q4-major/bin/../lib/gcc/arm-none-eabi/10.2.1/../../../../arm-none-eabi/lib/thumb/v7e-m+fp/hard/libstdc++_nano.a(eh_terminate.o)
                0x0000000008005530                std::get_terminate()
 .text._ZSt9terminatev
                0x0000000008005540        0xa /home/love/Documents/gcc-arm-none-eabi-10-2020-q4-major/bin/../lib/gcc/arm-none-eabi/10.2.1/../../../../arm-none-eabi/lib/thumb/v7e-m+fp/hard/libstdc++_nano.a(eh_terminate.o)
                0x0000000008005540                std::terminate()
 *fill*         0x000000000800554a        0x2 
 .text._ZSt15get_new_handlerv
                0x000000000800554c       0x10 /home/love/Documents/gcc-arm-none-eabi-10-2020-q4-major/bin/../lib/gcc/arm-none-eabi/10.2.1/../../../../arm-none-eabi/lib/thumb/v7e-m+fp/hard/libstdc++_nano.a(new_handler.o)
                0x000000000800554c                std::get_new_handler()
 .text.abort    0x000000000800555c        0xe /home/love/Documents/gcc-arm-none-eabi-10-2020-q4-major/bin/../lib/gcc/arm-none-eabi/10.2.1/../../../../arm-none-eabi/lib/thumb/v7e-m+fp/hard/libc_nano.a(lib_a-abort.o)
                0x000000000800555c                abort
 *fill*         0x000000000800556a        0x2 
 .text.__cxa_atexit
                0x000000000800556c       0x1c /home/love/Documents/gcc-arm-none-eabi-10-2020-q4-major/bin/../lib/gcc/arm-none-eabi/10.2.1/../../../../arm-none-eabi/lib/thumb/v7e-m+fp/hard/libc_nano.a(lib_a-cxa_atexit.o)
                0x000000000800556c                __cxa_atexit
 .text.__libc_init_array
                0x0000000008005588       0x48 /home/love/Documents/gcc-arm-none-eabi-10-2020-q4-major/bin/../lib/gcc/arm-none-eabi/10.2.1/../../../../arm-none-eabi/lib/thumb/v7e-m+fp/hard/libc_nano.a(lib_a-init.o)
                0x0000000008005588                __libc_init_array
 .text.malloc   0x00000000080055d0       0x10 /home/love/Documents/gcc-arm-none-eabi-10-2020-q4-major/bin/../lib/gcc/arm-none-eabi/10.2.1/../../../../arm-none-eabi/lib/thumb/v7e-m+fp/hard/libc_nano.a(lib_a-malloc.o)
                0x00000000080055d0                malloc
 .text.free     0x00000000080055e0       0x10 /home/love/Documents/gcc-arm-none-eabi-10-2020-q4-major/bin/../lib/gcc/arm-none-eabi/10.2.1/../../../../arm-none-eabi/lib/thumb/v7e-m+fp/hard/libc_nano.a(lib_a-malloc.o)
                0x00000000080055e0                free
 .text.memcpy   0x00000000080055f0       0x1c /home/love/Documents/gcc-arm-none-eabi-10-2020-q4-major/bin/../lib/gcc/arm-none-eabi/10.2.1/../../../../arm-none-eabi/lib/thumb/v7e-m+fp/hard/libc_nano.a(lib_a-memcpy-stub.o)
                0x00000000080055f0                memcpy
 .text.memset   0x000000000800560c       0x10 /home/love/Documents/gcc-arm-none-eabi-10-2020-q4-major/bin/../lib/gcc/arm-none-eabi/10.2.1/../../../../arm-none-eabi/lib/thumb/v7e-m+fp/hard/libc_nano.a(lib_a-memset.o)
                0x000000000800560c                memset
 .text._free_r  0x000000000800561c       0x98 /home/love/Documents/gcc-arm-none-eabi-10-2020-q4-major/bin/../lib/gcc/arm-none-eabi/10.2.1/../../../../arm-none-eabi/lib/thumb/v7e-m+fp/hard/libc_nano.a(lib_a-nano-freer.o)
                0x000000000800561c                _free_r
 .text._malloc_r
                0x00000000080056b4       0xb4 /home/love/Documents/gcc-arm-none-eabi-10-2020-q4-major/bin/../lib/gcc/arm-none-eabi/10.2.1/../../../../arm-none-eabi/lib/thumb/v7e-m+fp/hard/libc_nano.a(lib_a-nano-mallocr.o)
                0x00000000080056b4                _malloc_r
 .text.__cvt    0x0000000008005768       0xc4 /home/love/Documents/gcc-arm-none-eabi-10-2020-q4-major/bin/../lib/gcc/arm-none-eabi/10.2.1/../../../../arm-none-eabi/lib/thumb/v7e-m+fp/hard/libc_nano.a(lib_a-nano-vfprintf_float.o)
                0x0000000008005768                __cvt
 .text.__exponent
                0x000000000800582c       0x7c /home/love/Documents/gcc-arm-none-eabi-10-2020-q4-major/bin/../lib/gcc/arm-none-eabi/10.2.1/../../../../arm-none-eabi/lib/thumb/v7e-m+fp/hard/libc_nano.a(lib_a-nano-vfprintf_float.o)
                0x000000000800582c                __exponent
 .text._printf_float
                0x00000000080058a8      0x46c /home/love/Documents/gcc-arm-none-eabi-10-2020-q4-major/bin/../lib/gcc/arm-none-eabi/10.2.1/../../../../arm-none-eabi/lib/thumb/v7e-m+fp/hard/libc_nano.a(lib_a-nano-vfprintf_float.o)
                0x00000000080058a8                _printf_float
 .text._printf_common
                0x0000000008005d14       0xda /home/love/Documents/gcc-arm-none-eabi-10-2020-q4-major/bin/../lib/gcc/arm-none-eabi/10.2.1/../../../../arm-none-eabi/lib/thumb/v7e-m+fp/hard/libc_nano.a(lib_a-nano-vfprintf_i.o)
                0x0000000008005d14                _printf_common
 *fill*         0x0000000008005dee        0x2 
 .text._printf_i
                0x0000000008005df0      0x24c /home/love/Documents/gcc-arm-none-eabi-10-2020-q4-major/bin/../lib/gcc/arm-none-eabi/10.2.1/../../../../arm-none-eabi/lib/thumb/v7e-m+fp/hard/libc_nano.a(lib_a-nano-vfprintf_i.o)
                0x0000000008005df0                _printf_i
 .text.realloc  0x000000000800603c       0x10 /home/love/Documents/gcc-arm-none-eabi-10-2020-q4-major/bin/../lib/gcc/arm-none-eabi/10.2.1/../../../../arm-none-eabi/lib/thumb/v7e-m+fp/hard/libc_nano.a(lib_a-realloc.o)
                0x000000000800603c                realloc
 .text._sbrk_r  0x000000000800604c       0x20 /home/love/Documents/gcc-arm-none-eabi-10-2020-q4-major/bin/../lib/gcc/arm-none-eabi/10.2.1/../../../../arm-none-eabi/lib/thumb/v7e-m+fp/hard/libc_nano.a(lib_a-sbrkr.o)
                0x000000000800604c                _sbrk_r
 .text._raise_r
                0x000000000800606c       0x50 /home/love/Documents/gcc-arm-none-eabi-10-2020-q4-major/bin/../lib/gcc/arm-none-eabi/10.2.1/../../../../arm-none-eabi/lib/thumb/v7e-m+fp/hard/libc_nano.a(lib_a-signal.o)
                0x000000000800606c                _raise_r
 .text.raise    0x00000000080060bc       0x10 /home/love/Documents/gcc-arm-none-eabi-10-2020-q4-major/bin/../lib/gcc/arm-none-eabi/10.2.1/../../../../arm-none-eabi/lib/thumb/v7e-m+fp/hard/libc_nano.a(lib_a-signal.o)
                0x00000000080060bc                raise
 .text._kill_r  0x00000000080060cc       0x24 /home/love/Documents/gcc-arm-none-eabi-10-2020-q4-major/bin/../lib/gcc/arm-none-eabi/10.2.1/../../../../arm-none-eabi/lib/thumb/v7e-m+fp/hard/libc_nano.a(lib_a-signalr.o)
                0x00000000080060cc                _kill_r
 .text._getpid_r
                0x00000000080060f0        0x4 /home/love/Documents/gcc-arm-none-eabi-10-2020-q4-major/bin/../lib/gcc/arm-none-eabi/10.2.1/../../../../arm-none-eabi/lib/thumb/v7e-m+fp/hard/libc_nano.a(lib_a-signalr.o)
                0x00000000080060f0                _getpid_r
 .text.quorem   0x00000000080060f4      0x116 /home/love/Documents/gcc-arm-none-eabi-10-2020-q4-major/bin/../lib/gcc/arm-none-eabi/10.2.1/../../../../arm-none-eabi/lib/thumb/v7e-m+fp/hard/libc_nano.a(lib_a-dtoa.o)
 *fill*         0x000000000800620a        0x6 
 .text._dtoa_r  0x0000000008006210      0xbdc /home/love/Documents/gcc-arm-none-eabi-10-2020-q4-major/bin/../lib/gcc/arm-none-eabi/10.2.1/../../../../arm-none-eabi/lib/thumb/v7e-m+fp/hard/libc_nano.a(lib_a-dtoa.o)
                0x0000000008006210                _dtoa_r
 .text._localeconv_r
                0x0000000008006dec        0x8 /home/love/Documents/gcc-arm-none-eabi-10-2020-q4-major/bin/../lib/gcc/arm-none-eabi/10.2.1/../../../../arm-none-eabi/lib/thumb/v7e-m+fp/hard/libc_nano.a(lib_a-localeconv.o)
                0x0000000008006dec                _localeconv_r
 .text.__malloc_lock
                0x0000000008006df4        0xc /home/love/Documents/gcc-arm-none-eabi-10-2020-q4-major/bin/../lib/gcc/arm-none-eabi/10.2.1/../../../../arm-none-eabi/lib/thumb/v7e-m+fp/hard/libc_nano.a(lib_a-mlock.o)
                0x0000000008006df4                __malloc_lock
 .text.__malloc_unlock
                0x0000000008006e00        0xc /home/love/Documents/gcc-arm-none-eabi-10-2020-q4-major/bin/../lib/gcc/arm-none-eabi/10.2.1/../../../../arm-none-eabi/lib/thumb/v7e-m+fp/hard/libc_nano.a(lib_a-mlock.o)
                0x0000000008006e00                __malloc_unlock
 .text._Balloc  0x0000000008006e0c       0x80 /home/love/Documents/gcc-arm-none-eabi-10-2020-q4-major/bin/../lib/gcc/arm-none-eabi/10.2.1/../../../../arm-none-eabi/lib/thumb/v7e-m+fp/hard/libc_nano.a(lib_a-mprec.o)
                0x0000000008006e0c                _Balloc
 .text._Bfree   0x0000000008006e8c       0x44 /home/love/Documents/gcc-arm-none-eabi-10-2020-q4-major/bin/../lib/gcc/arm-none-eabi/10.2.1/../../../../arm-none-eabi/lib/thumb/v7e-m+fp/hard/libc_nano.a(lib_a-mprec.o)
                0x0000000008006e8c                _Bfree
 .text.__multadd
                0x0000000008006ed0       0x8c /home/love/Documents/gcc-arm-none-eabi-10-2020-q4-major/bin/../lib/gcc/arm-none-eabi/10.2.1/../../../../arm-none-eabi/lib/thumb/v7e-m+fp/hard/libc_nano.a(lib_a-mprec.o)
                0x0000000008006ed0                __multadd
 .text.__hi0bits
                0x0000000008006f5c       0x40 /home/love/Documents/gcc-arm-none-eabi-10-2020-q4-major/bin/../lib/gcc/arm-none-eabi/10.2.1/../../../../arm-none-eabi/lib/thumb/v7e-m+fp/hard/libc_nano.a(lib_a-mprec.o)
                0x0000000008006f5c                __hi0bits
 .text.__lo0bits
                0x0000000008006f9c       0x5e /home/love/Documents/gcc-arm-none-eabi-10-2020-q4-major/bin/../lib/gcc/arm-none-eabi/10.2.1/../../../../arm-none-eabi/lib/thumb/v7e-m+fp/hard/libc_nano.a(lib_a-mprec.o)
                0x0000000008006f9c                __lo0bits
 *fill*         0x0000000008006ffa        0x2 
 .text.__i2b    0x0000000008006ffc       0x2c /home/love/Documents/gcc-arm-none-eabi-10-2020-q4-major/bin/../lib/gcc/arm-none-eabi/10.2.1/../../../../arm-none-eabi/lib/thumb/v7e-m+fp/hard/libc_nano.a(lib_a-mprec.o)
                0x0000000008006ffc                __i2b
 .text.__multiply
                0x0000000008007028      0x154 /home/love/Documents/gcc-arm-none-eabi-10-2020-q4-major/bin/../lib/gcc/arm-none-eabi/10.2.1/../../../../arm-none-eabi/lib/thumb/v7e-m+fp/hard/libc_nano.a(lib_a-mprec.o)
                0x0000000008007028                __multiply
 .text.__pow5mult
                0x000000000800717c       0xb4 /home/love/Documents/gcc-arm-none-eabi-10-2020-q4-major/bin/../lib/gcc/arm-none-eabi/10.2.1/../../../../arm-none-eabi/lib/thumb/v7e-m+fp/hard/libc_nano.a(lib_a-mprec.o)
                0x000000000800717c                __pow5mult
 .text.__lshift
                0x0000000008007230       0xe0 /home/love/Documents/gcc-arm-none-eabi-10-2020-q4-major/bin/../lib/gcc/arm-none-eabi/10.2.1/../../../../arm-none-eabi/lib/thumb/v7e-m+fp/hard/libc_nano.a(lib_a-mprec.o)
                0x0000000008007230                __lshift
 .text.__mcmp   0x0000000008007310       0x38 /home/love/Documents/gcc-arm-none-eabi-10-2020-q4-major/bin/../lib/gcc/arm-none-eabi/10.2.1/../../../../arm-none-eabi/lib/thumb/v7e-m+fp/hard/libc_nano.a(lib_a-mprec.o)
                0x0000000008007310                __mcmp
 .text.__mdiff  0x0000000008007348      0x114 /home/love/Documents/gcc-arm-none-eabi-10-2020-q4-major/bin/../lib/gcc/arm-none-eabi/10.2.1/../../../../arm-none-eabi/lib/thumb/v7e-m+fp/hard/libc_nano.a(lib_a-mprec.o)
                0x0000000008007348                __mdiff
 .text.__d2b    0x000000000800745c       0xb8 /home/love/Documents/gcc-arm-none-eabi-10-2020-q4-major/bin/../lib/gcc/arm-none-eabi/10.2.1/../../../../arm-none-eabi/lib/thumb/v7e-m+fp/hard/libc_nano.a(lib_a-mprec.o)
                0x000000000800745c                __d2b
 .text._calloc_r
                0x0000000008007514       0x1e /home/love/Documents/gcc-arm-none-eabi-10-2020-q4-major/bin/../lib/gcc/arm-none-eabi/10.2.1/../../../../arm-none-eabi/lib/thumb/v7e-m+fp/hard/libc_nano.a(lib_a-nano-callocr.o)
                0x0000000008007514                _calloc_r
 .text._realloc_r
                0x0000000008007532       0x4c /home/love/Documents/gcc-arm-none-eabi-10-2020-q4-major/bin/../lib/gcc/arm-none-eabi/10.2.1/../../../../arm-none-eabi/lib/thumb/v7e-m+fp/hard/libc_nano.a(lib_a-nano-reallocr.o)
                0x0000000008007532                _realloc_r
 *fill*         0x000000000800757e        0x2 
 .text.__assert_func
                0x0000000008007580       0x3c /home/love/Documents/gcc-arm-none-eabi-10-2020-q4-major/bin/../lib/gcc/arm-none-eabi/10.2.1/../../../../arm-none-eabi/lib/thumb/v7e-m+fp/hard/libc_nano.a(lib_a-assert.o)
                0x0000000008007580                __assert_func
 .text.fprintf  0x00000000080075bc       0x24 /home/love/Documents/gcc-arm-none-eabi-10-2020-q4-major/bin/../lib/gcc/arm-none-eabi/10.2.1/../../../../arm-none-eabi/lib/thumb/v7e-m+fp/hard/libc_nano.a(lib_a-fprintf.o)
                0x00000000080075bc                fprintf
                0x00000000080075bc                fiprintf
 .text.__retarget_lock_init_recursive
                0x00000000080075e0        0x2 /home/love/Documents/gcc-arm-none-eabi-10-2020-q4-major/bin/../lib/gcc/arm-none-eabi/10.2.1/../../../../arm-none-eabi/lib/thumb/v7e-m+fp/hard/libc_nano.a(lib_a-lock.o)
                0x00000000080075e0                __retarget_lock_init_recursive
 .text.__retarget_lock_acquire_recursive
                0x00000000080075e2        0x2 /home/love/Documents/gcc-arm-none-eabi-10-2020-q4-major/bin/../lib/gcc/arm-none-eabi/10.2.1/../../../../arm-none-eabi/lib/thumb/v7e-m+fp/hard/libc_nano.a(lib_a-lock.o)
                0x00000000080075e2                __retarget_lock_acquire_recursive
 .text.__retarget_lock_release_recursive
                0x00000000080075e4        0x2 /home/love/Documents/gcc-arm-none-eabi-10-2020-q4-major/bin/../lib/gcc/arm-none-eabi/10.2.1/../../../../arm-none-eabi/lib/thumb/v7e-m+fp/hard/libc_nano.a(lib_a-lock.o)
                0x00000000080075e4                __retarget_lock_release_recursive
 .text.__ascii_mbtowc
                0x00000000080075e6       0x24 /home/love/Documents/gcc-arm-none-eabi-10-2020-q4-major/bin/../lib/gcc/arm-none-eabi/10.2.1/../../../../arm-none-eabi/lib/thumb/v7e-m+fp/hard/libc_nano.a(lib_a-mbtowc_r.o)
                0x00000000080075e6                __ascii_mbtowc
 .text._malloc_usable_size_r
                0x000000000800760a       0x10 /home/love/Documents/gcc-arm-none-eabi-10-2020-q4-major/bin/../lib/gcc/arm-none-eabi/10.2.1/../../../../arm-none-eabi/lib/thumb/v7e-m+fp/hard/libc_nano.a(lib_a-nano-msizer.o)
                0x000000000800760a                _malloc_usable_size_r
 .text.__sfputc_r
                0x000000000800761a       0x2e /home/love/Documents/gcc-arm-none-eabi-10-2020-q4-major/bin/../lib/gcc/arm-none-eabi/10.2.1/../../../../arm-none-eabi/lib/thumb/v7e-m+fp/hard/libc_nano.a(lib_a-nano-vfprintf.o)
 .text.__sfputs_r
                0x0000000008007648       0x24 /home/love/Documents/gcc-arm-none-eabi-10-2020-q4-major/bin/../lib/gcc/arm-none-eabi/10.2.1/../../../../arm-none-eabi/lib/thumb/v7e-m+fp/hard/libc_nano.a(lib_a-nano-vfprintf.o)
                0x0000000008007648                __sfputs_r
 .text._vfprintf_r
                0x000000000800766c      0x260 /home/love/Documents/gcc-arm-none-eabi-10-2020-q4-major/bin/../lib/gcc/arm-none-eabi/10.2.1/../../../../arm-none-eabi/lib/thumb/v7e-m+fp/hard/libc_nano.a(lib_a-nano-vfprintf.o)
                0x000000000800766c                _vfiprintf_r
                0x000000000800766c                _vfprintf_r
 .text.__swbuf_r
                0x00000000080078cc       0xa4 /home/love/Documents/gcc-arm-none-eabi-10-2020-q4-major/bin/../lib/gcc/arm-none-eabi/10.2.1/../../../../arm-none-eabi/lib/thumb/v7e-m+fp/hard/libc_nano.a(lib_a-wbuf.o)
                0x00000000080078cc                __swbuf_r
 .text.__ascii_wctomb
                0x0000000008007970       0x1a /home/love/Documents/gcc-arm-none-eabi-10-2020-q4-major/bin/../lib/gcc/arm-none-eabi/10.2.1/../../../../arm-none-eabi/lib/thumb/v7e-m+fp/hard/libc_nano.a(lib_a-wctomb_r.o)
                0x0000000008007970                __ascii_wctomb
 *fill*         0x000000000800798a        0x2 
 .text.__swsetup_r
                0x000000000800798c       0xdc /home/love/Documents/gcc-arm-none-eabi-10-2020-q4-major/bin/../lib/gcc/arm-none-eabi/10.2.1/../../../../arm-none-eabi/lib/thumb/v7e-m+fp/hard/libc_nano.a(lib_a-wsetup.o)
                0x000000000800798c                __swsetup_r
 .text.__sflush_r
                0x0000000008007a68      0x10c /home/love/Documents/gcc-arm-none-eabi-10-2020-q4-major/bin/../lib/gcc/arm-none-eabi/10.2.1/../../../../arm-none-eabi/lib/thumb/v7e-m+fp/hard/libc_nano.a(lib_a-fflush.o)
                0x0000000008007a68                __sflush_r
 .text._fflush_r
                0x0000000008007b74       0x78 /home/love/Documents/gcc-arm-none-eabi-10-2020-q4-major/bin/../lib/gcc/arm-none-eabi/10.2.1/../../../../arm-none-eabi/lib/thumb/v7e-m+fp/hard/libc_nano.a(lib_a-fflush.o)
                0x0000000008007b74                _fflush_r
 .text.std      0x0000000008007bec       0x48 /home/love/Documents/gcc-arm-none-eabi-10-2020-q4-major/bin/../lib/gcc/arm-none-eabi/10.2.1/../../../../arm-none-eabi/lib/thumb/v7e-m+fp/hard/libc_nano.a(lib_a-findfp.o)
 .text._cleanup_r
                0x0000000008007c34        0xc /home/love/Documents/gcc-arm-none-eabi-10-2020-q4-major/bin/../lib/gcc/arm-none-eabi/10.2.1/../../../../arm-none-eabi/lib/thumb/v7e-m+fp/hard/libc_nano.a(lib_a-findfp.o)
                0x0000000008007c34                _cleanup_r
 .text.__sfmoreglue
                0x0000000008007c40       0x2c /home/love/Documents/gcc-arm-none-eabi-10-2020-q4-major/bin/../lib/gcc/arm-none-eabi/10.2.1/../../../../arm-none-eabi/lib/thumb/v7e-m+fp/hard/libc_nano.a(lib_a-findfp.o)
                0x0000000008007c40                __sfmoreglue
 .text.__sfp_lock_acquire
                0x0000000008007c6c        0xc /home/love/Documents/gcc-arm-none-eabi-10-2020-q4-major/bin/../lib/gcc/arm-none-eabi/10.2.1/../../../../arm-none-eabi/lib/thumb/v7e-m+fp/hard/libc_nano.a(lib_a-findfp.o)
                0x0000000008007c6c                __sfp_lock_acquire
 .text.__sfp_lock_release
                0x0000000008007c78        0xc /home/love/Documents/gcc-arm-none-eabi-10-2020-q4-major/bin/../lib/gcc/arm-none-eabi/10.2.1/../../../../arm-none-eabi/lib/thumb/v7e-m+fp/hard/libc_nano.a(lib_a-findfp.o)
                0x0000000008007c78                __sfp_lock_release
 .text.__sinit_lock_acquire
                0x0000000008007c84        0xc /home/love/Documents/gcc-arm-none-eabi-10-2020-q4-major/bin/../lib/gcc/arm-none-eabi/10.2.1/../../../../arm-none-eabi/lib/thumb/v7e-m+fp/hard/libc_nano.a(lib_a-findfp.o)
                0x0000000008007c84                __sinit_lock_acquire
 .text.__sinit_lock_release
                0x0000000008007c90        0xc /home/love/Documents/gcc-arm-none-eabi-10-2020-q4-major/bin/../lib/gcc/arm-none-eabi/10.2.1/../../../../arm-none-eabi/lib/thumb/v7e-m+fp/hard/libc_nano.a(lib_a-findfp.o)
                0x0000000008007c90                __sinit_lock_release
 .text.__sinit  0x0000000008007c9c       0x70 /home/love/Documents/gcc-arm-none-eabi-10-2020-q4-major/bin/../lib/gcc/arm-none-eabi/10.2.1/../../../../arm-none-eabi/lib/thumb/v7e-m+fp/hard/libc_nano.a(lib_a-findfp.o)
                0x0000000008007c9c                __sinit
 .text.__sfp    0x0000000008007d0c       0x8c /home/love/Documents/gcc-arm-none-eabi-10-2020-q4-major/bin/../lib/gcc/arm-none-eabi/10.2.1/../../../../arm-none-eabi/lib/thumb/v7e-m+fp/hard/libc_nano.a(lib_a-findfp.o)
                0x0000000008007d0c                __sfp
 .text._fwalk_reent
                0x0000000008007d98       0x3e /home/love/Documents/gcc-arm-none-eabi-10-2020-q4-major/bin/../lib/gcc/arm-none-eabi/10.2.1/../../../../arm-none-eabi/lib/thumb/v7e-m+fp/hard/libc_nano.a(lib_a-fwalk.o)
                0x0000000008007d98                _fwalk_reent
 .text.__swhatbuf_r
                0x0000000008007dd6       0x4a /home/love/Documents/gcc-arm-none-eabi-10-2020-q4-major/bin/../lib/gcc/arm-none-eabi/10.2.1/../../../../arm-none-eabi/lib/thumb/v7e-m+fp/hard/libc_nano.a(lib_a-makebuf.o)
                0x0000000008007dd6                __swhatbuf_r
 .text.__smakebuf_r
                0x0000000008007e20       0x80 /home/love/Documents/gcc-arm-none-eabi-10-2020-q4-major/bin/../lib/gcc/arm-none-eabi/10.2.1/../../../../arm-none-eabi/lib/thumb/v7e-m+fp/hard/libc_nano.a(lib_a-makebuf.o)
                0x0000000008007e20                __smakebuf_r
 .text.__sread  0x0000000008007ea0       0x22 /home/love/Documents/gcc-arm-none-eabi-10-2020-q4-major/bin/../lib/gcc/arm-none-eabi/10.2.1/../../../../arm-none-eabi/lib/thumb/v7e-m+fp/hard/libc_nano.a(lib_a-stdio.o)
                0x0000000008007ea0                __sread
 .text.__swrite
                0x0000000008007ec2       0x38 /home/love/Documents/gcc-arm-none-eabi-10-2020-q4-major/bin/../lib/gcc/arm-none-eabi/10.2.1/../../../../arm-none-eabi/lib/thumb/v7e-m+fp/hard/libc_nano.a(lib_a-stdio.o)
                0x0000000008007ec2                __swrite
 .text.__sseek  0x0000000008007efa       0x24 /home/love/Documents/gcc-arm-none-eabi-10-2020-q4-major/bin/../lib/gcc/arm-none-eabi/10.2.1/../../../../arm-none-eabi/lib/thumb/v7e-m+fp/hard/libc_nano.a(lib_a-stdio.o)
                0x0000000008007efa                __sseek
 .text.__sclose
                0x0000000008007f1e        0x8 /home/love/Documents/gcc-arm-none-eabi-10-2020-q4-major/bin/../lib/gcc/arm-none-eabi/10.2.1/../../../../arm-none-eabi/lib/thumb/v7e-m+fp/hard/libc_nano.a(lib_a-stdio.o)
                0x0000000008007f1e                __sclose
 *fill*         0x0000000008007f26        0x2 
 .text._write_r
                0x0000000008007f28       0x24 /home/love/Documents/gcc-arm-none-eabi-10-2020-q4-major/bin/../lib/gcc/arm-none-eabi/10.2.1/../../../../arm-none-eabi/lib/thumb/v7e-m+fp/hard/libc_nano.a(lib_a-writer.o)
                0x0000000008007f28                _write_r
 .text._close_r
                0x0000000008007f4c       0x20 /home/love/Documents/gcc-arm-none-eabi-10-2020-q4-major/bin/../lib/gcc/arm-none-eabi/10.2.1/../../../../arm-none-eabi/lib/thumb/v7e-m+fp/hard/libc_nano.a(lib_a-closer.o)
                0x0000000008007f4c                _close_r
 .text._fstat_r
                0x0000000008007f6c       0x24 /home/love/Documents/gcc-arm-none-eabi-10-2020-q4-major/bin/../lib/gcc/arm-none-eabi/10.2.1/../../../../arm-none-eabi/lib/thumb/v7e-m+fp/hard/libc_nano.a(lib_a-fstatr.o)
                0x0000000008007f6c                _fstat_r
 .text._isatty_r
                0x0000000008007f90       0x20 /home/love/Documents/gcc-arm-none-eabi-10-2020-q4-major/bin/../lib/gcc/arm-none-eabi/10.2.1/../../../../arm-none-eabi/lib/thumb/v7e-m+fp/hard/libc_nano.a(lib_a-isattyr.o)
                0x0000000008007f90                _isatty_r
 .text._lseek_r
                0x0000000008007fb0       0x24 /home/love/Documents/gcc-arm-none-eabi-10-2020-q4-major/bin/../lib/gcc/arm-none-eabi/10.2.1/../../../../arm-none-eabi/lib/thumb/v7e-m+fp/hard/libc_nano.a(lib_a-lseekr.o)
                0x0000000008007fb0                _lseek_r
 .text._read_r  0x0000000008007fd4       0x24 /home/love/Documents/gcc-arm-none-eabi-10-2020-q4-major/bin/../lib/gcc/arm-none-eabi/10.2.1/../../../../arm-none-eabi/lib/thumb/v7e-m+fp/hard/libc_nano.a(lib_a-readr.o)
                0x0000000008007fd4                _read_r
 .text._close   0x0000000008007ff8       0x10 /home/love/Documents/gcc-arm-none-eabi-10-2020-q4-major/bin/../lib/gcc/arm-none-eabi/10.2.1/../../../../arm-none-eabi/lib/thumb/v7e-m+fp/hard/libnosys.a(close.o)
                0x0000000008007ff8                _close
 .text._fstat   0x0000000008008008       0x10 /home/love/Documents/gcc-arm-none-eabi-10-2020-q4-major/bin/../lib/gcc/arm-none-eabi/10.2.1/../../../../arm-none-eabi/lib/thumb/v7e-m+fp/hard/libnosys.a(fstat.o)
                0x0000000008008008                _fstat
 .text._getpid  0x0000000008008018       0x10 /home/love/Documents/gcc-arm-none-eabi-10-2020-q4-major/bin/../lib/gcc/arm-none-eabi/10.2.1/../../../../arm-none-eabi/lib/thumb/v7e-m+fp/hard/libnosys.a(getpid.o)
                0x0000000008008018                _getpid
 .text._isatty  0x0000000008008028       0x10 /home/love/Documents/gcc-arm-none-eabi-10-2020-q4-major/bin/../lib/gcc/arm-none-eabi/10.2.1/../../../../arm-none-eabi/lib/thumb/v7e-m+fp/hard/libnosys.a(isatty.o)
                0x0000000008008028                _isatty
 .text._kill    0x0000000008008038       0x10 /home/love/Documents/gcc-arm-none-eabi-10-2020-q4-major/bin/../lib/gcc/arm-none-eabi/10.2.1/../../../../arm-none-eabi/lib/thumb/v7e-m+fp/hard/libnosys.a(kill.o)
                0x0000000008008038                _kill
 .text._lseek   0x0000000008008048       0x10 /home/love/Documents/gcc-arm-none-eabi-10-2020-q4-major/bin/../lib/gcc/arm-none-eabi/10.2.1/../../../../arm-none-eabi/lib/thumb/v7e-m+fp/hard/libnosys.a(lseek.o)
                0x0000000008008048                _lseek
 .text._read    0x0000000008008058       0x10 /home/love/Documents/gcc-arm-none-eabi-10-2020-q4-major/bin/../lib/gcc/arm-none-eabi/10.2.1/../../../../arm-none-eabi/lib/thumb/v7e-m+fp/hard/libnosys.a(read.o)
                0x0000000008008058                _read
 .text._sbrk    0x0000000008008068       0x1c /home/love/Documents/gcc-arm-none-eabi-10-2020-q4-major/bin/../lib/gcc/arm-none-eabi/10.2.1/../../../../arm-none-eabi/lib/thumb/v7e-m+fp/hard/libnosys.a(sbrk.o)
                0x0000000008008068                _sbrk
 .text._exit    0x0000000008008084        0x4 /home/love/Documents/gcc-arm-none-eabi-10-2020-q4-major/bin/../lib/gcc/arm-none-eabi/10.2.1/../../../../arm-none-eabi/lib/thumb/v7e-m+fp/hard/libnosys.a(_exit.o)
                0x0000000008008084                _exit
 *(.glue_7)
 .glue_7        0x0000000008008088        0x0 linker stubs
 *(.glue_7t)
 .glue_7t       0x0000000008008088        0x0 linker stubs
 *(.eh_frame)
 .eh_frame      0x0000000008008088        0x0 /home/love/Documents/gcc-arm-none-eabi-10-2020-q4-major/bin/../lib/gcc/arm-none-eabi/10.2.1/thumb/v7e-m+fp/hard/crtbegin.o
 *(.init)
 .init          0x0000000008008088        0x4 /home/love/Documents/gcc-arm-none-eabi-10-2020-q4-major/bin/../lib/gcc/arm-none-eabi/10.2.1/thumb/v7e-m+fp/hard/crti.o
                0x0000000008008088                _init
 .init          0x000000000800808c        0x8 /home/love/Documents/gcc-arm-none-eabi-10-2020-q4-major/bin/../lib/gcc/arm-none-eabi/10.2.1/thumb/v7e-m+fp/hard/crtn.o
 *(.fini)
 .fini          0x0000000008008094        0x4 /home/love/Documents/gcc-arm-none-eabi-10-2020-q4-major/bin/../lib/gcc/arm-none-eabi/10.2.1/thumb/v7e-m+fp/hard/crti.o
                0x0000000008008094                _fini
 .fini          0x0000000008008098        0x8 /home/love/Documents/gcc-arm-none-eabi-10-2020-q4-major/bin/../lib/gcc/arm-none-eabi/10.2.1/thumb/v7e-m+fp/hard/crtn.o
                0x00000000080080a0                . = ALIGN (0x4)
                0x00000000080080a0                _etext = .

.vfp11_veneer   0x00000000080080a0        0x0
 .vfp11_veneer  0x00000000080080a0        0x0 linker stubs

.v4_bx          0x00000000080080a0        0x0
 .v4_bx         0x00000000080080a0        0x0 linker stubs

.iplt           0x00000000080080a0        0x0
 .iplt          0x00000000080080a0        0x0 /home/love/Documents/gcc-arm-none-eabi-10-2020-q4-major/bin/../lib/gcc/arm-none-eabi/10.2.1/thumb/v7e-m+fp/hard/crtbegin.o

.rodata         0x00000000080080a0      0xa34
                0x00000000080080a0                . = ALIGN (0x4)
 *(.rodata)
 *(.rodata*)
 .rodata.flagBitshiftOffset.0
                0x00000000080080a0        0x8 build/stm32f4xx_hal_dma.o
 .rodata.AHBPrescTable
                0x00000000080080a8       0x10 build/system_stm32f4xx.o
                0x00000000080080a8                AHBPrescTable
 .rodata.APBPrescTable
                0x00000000080080b8        0x8 build/system_stm32f4xx.o
                0x00000000080080b8                APBPrescTable
 .rodata._ZN9actuators18motor_driver_param7getTypeEv.str1.4
                0x00000000080080c0       0x1d build/robo_init.o
 *fill*         0x00000000080080dd        0x3 
 .rodata._ZN9actuators18motor_driver_param6getMD5Ev.str1.4
                0x00000000080080e0       0x21 build/robo_init.o
 *fill*         0x0000000008008101        0x3 
 .rodata._ZTSN3ros3MsgE
                0x0000000008008104        0xb build/robo_init.o
                0x0000000008008104                typeinfo name for ros::Msg
 *fill*         0x000000000800810f        0x1 
 .rodata._ZTIN3ros3MsgE
                0x0000000008008110        0x8 build/robo_init.o
                0x0000000008008110                typeinfo for ros::Msg
 .rodata._ZTSN9actuators18motor_driver_paramE
                0x0000000008008118       0x21 build/robo_init.o
                0x0000000008008118                typeinfo name for actuators::motor_driver_param
 *fill*         0x0000000008008139        0x3 
 .rodata._ZTIN9actuators18motor_driver_paramE
                0x000000000800813c        0xc build/robo_init.o
                0x000000000800813c                typeinfo for actuators::motor_driver_param
 .rodata._ZTVN3ros3MsgE
                0x0000000008008148       0x18 build/robo_init.o
                0x0000000008008148                vtable for ros::Msg
 .rodata._ZTVN9actuators18motor_driver_paramE
                0x0000000008008160       0x18 build/robo_init.o
                0x0000000008008160                vtable for actuators::motor_driver_param
 .rodata._ZN9actuators18motor_driver_param7getTypeEv.str1.4
                0x0000000008008178       0x1d build/operation.o
 .rodata._ZN9actuators18motor_driver_param6getMD5Ev.str1.4
                0x0000000008008178       0x21 build/operation.o
 .rodata._ZN8std_msgs4Time7getTypeEv.str1.4
                0x0000000008008178        0xe build/operation.o
 *fill*         0x0000000008008186        0x2 
 .rodata._ZN8std_msgs4Time6getMD5Ev.str1.4
                0x0000000008008188       0x21 build/operation.o
 *fill*         0x00000000080081a9        0x3 
 .rodata._ZN14rosserial_msgs9TopicInfo7getTypeEv.str1.4
                0x00000000080081ac       0x19 build/operation.o
 *fill*         0x00000000080081c5        0x3 
 .rodata._ZN14rosserial_msgs9TopicInfo6getMD5Ev.str1.4
                0x00000000080081c8       0x21 build/operation.o
 *fill*         0x00000000080081e9        0x3 
 .rodata._ZN14rosserial_msgs3Log7getTypeEv.str1.4
                0x00000000080081ec       0x13 build/operation.o
 *fill*         0x00000000080081ff        0x1 
 .rodata._ZN14rosserial_msgs3Log6getMD5Ev.str1.4
                0x0000000008008200       0x21 build/operation.o
 *fill*         0x0000000008008221        0x3 
 .rodata._ZN14rosserial_msgs20RequestParamResponse6getMD5Ev.str1.4
                0x0000000008008224       0x21 build/operation.o
 *fill*         0x0000000008008245        0x3 
 .rodata._ZN9actuators7Vector47getTypeEv.str1.4
                0x0000000008008248       0x12 build/operation.o
 *fill*         0x000000000800825a        0x2 
 .rodata._ZN9actuators7Vector46getMD5Ev.str1.4
                0x000000000800825c       0x21 build/operation.o
 *fill*         0x000000000800827d        0x3 
 .rodata._ZN9actuators7Vector27getTypeEv.str1.4
                0x0000000008008280       0x12 build/operation.o
 *fill*         0x0000000008008292        0x2 
 .rodata._ZN9actuators7Vector26getMD5Ev.str1.4
                0x0000000008008294       0x21 build/operation.o
 *fill*         0x00000000080082b5        0x3 
 .rodata._Z41__static_initialization_and_destruction_0ii.str1.4
                0x00000000080082b8       0x33 build/operation.o
 *fill*         0x00000000080082eb        0x1 
 .rodata._ZN3ros11NodeHandle_I13STM32HardwareLi25ELi25ELi512ELi512EE7publishEiPKNS_3MsgE.str1.4
                0x00000000080082ec       0x39 build/operation.o
                                         0x3d (size before relaxing)
 *fill*         0x0000000008008325        0x3 
 .rodata._ZTSN8std_msgs4TimeE
                0x0000000008008328       0x11 build/operation.o
                0x0000000008008328                typeinfo name for std_msgs::Time
 *fill*         0x0000000008008339        0x3 
 .rodata._ZTIN8std_msgs4TimeE
                0x000000000800833c        0xc build/operation.o
                0x000000000800833c                typeinfo for std_msgs::Time
 .rodata._ZTSN14rosserial_msgs9TopicInfoE
                0x0000000008008348       0x1d build/operation.o
                0x0000000008008348                typeinfo name for rosserial_msgs::TopicInfo
 *fill*         0x0000000008008365        0x3 
 .rodata._ZTIN14rosserial_msgs9TopicInfoE
                0x0000000008008368        0xc build/operation.o
                0x0000000008008368                typeinfo for rosserial_msgs::TopicInfo
 .rodata._ZTSN14rosserial_msgs3LogE
                0x0000000008008374       0x17 build/operation.o
                0x0000000008008374                typeinfo name for rosserial_msgs::Log
 *fill*         0x000000000800838b        0x1 
 .rodata._ZTIN14rosserial_msgs3LogE
                0x000000000800838c        0xc build/operation.o
                0x000000000800838c                typeinfo for rosserial_msgs::Log
 .rodata._ZTSN14rosserial_msgs20RequestParamResponseE
                0x0000000008008398       0x29 build/operation.o
                0x0000000008008398                typeinfo name for rosserial_msgs::RequestParamResponse
 *fill*         0x00000000080083c1        0x3 
 .rodata._ZTIN14rosserial_msgs20RequestParamResponseE
                0x00000000080083c4        0xc build/operation.o
                0x00000000080083c4                typeinfo for rosserial_msgs::RequestParamResponse
 .rodata._ZTSN3ros15NodeHandleBase_E
                0x00000000080083d0       0x18 build/operation.o
                0x00000000080083d0                typeinfo name for ros::NodeHandleBase_
 .rodata._ZTIN3ros15NodeHandleBase_E
                0x00000000080083e8        0x8 build/operation.o
                0x00000000080083e8                typeinfo for ros::NodeHandleBase_
 .rodata._ZTSN3ros11Subscriber_E
                0x00000000080083f0       0x14 build/operation.o
                0x00000000080083f0                typeinfo name for ros::Subscriber_
 .rodata._ZTIN3ros11Subscriber_E
                0x0000000008008404        0x8 build/operation.o
                0x0000000008008404                typeinfo for ros::Subscriber_
 .rodata._ZTSN9actuators7Vector4E
                0x000000000800840c       0x15 build/operation.o
                0x000000000800840c                typeinfo name for actuators::Vector4
 *fill*         0x0000000008008421        0x3 
 .rodata._ZTIN9actuators7Vector4E
                0x0000000008008424        0xc build/operation.o
                0x0000000008008424                typeinfo for actuators::Vector4
 .rodata._ZTSN9actuators7Vector2E
                0x0000000008008430       0x15 build/operation.o
                0x0000000008008430                typeinfo name for actuators::Vector2
 *fill*         0x0000000008008445        0x3 
 .rodata._ZTIN9actuators7Vector2E
                0x0000000008008448        0xc build/operation.o
                0x0000000008008448                typeinfo for actuators::Vector2
 .rodata._ZTSN3ros11NodeHandle_I13STM32HardwareLi25ELi25ELi512ELi512EEE
                0x0000000008008454       0x3b build/operation.o
                0x0000000008008454                typeinfo name for ros::NodeHandle_<STM32Hardware, 25, 25, 512, 512>
 *fill*         0x000000000800848f        0x1 
 .rodata._ZTIN3ros11NodeHandle_I13STM32HardwareLi25ELi25ELi512ELi512EEE
                0x0000000008008490        0xc build/operation.o
                0x0000000008008490                typeinfo for ros::NodeHandle_<STM32Hardware, 25, 25, 512, 512>
 .rodata._ZTSN3ros10SubscriberIN9actuators18motor_driver_paramEvEE
                0x000000000800849c       0x36 build/operation.o
                0x000000000800849c                typeinfo name for ros::Subscriber<actuators::motor_driver_param, void>
 *fill*         0x00000000080084d2        0x2 
 .rodata._ZTIN3ros10SubscriberIN9actuators18motor_driver_paramEvEE
                0x00000000080084d4        0xc build/operation.o
                0x00000000080084d4                typeinfo for ros::Subscriber<actuators::motor_driver_param, void>
 .rodata._ZTVN8std_msgs4TimeE
                0x00000000080084e0       0x18 build/operation.o
                0x00000000080084e0                vtable for std_msgs::Time
 .rodata._ZTVN14rosserial_msgs9TopicInfoE
                0x00000000080084f8       0x18 build/operation.o
                0x00000000080084f8                vtable for rosserial_msgs::TopicInfo
 .rodata._ZTVN14rosserial_msgs3LogE
                0x0000000008008510       0x18 build/operation.o
                0x0000000008008510                vtable for rosserial_msgs::Log
 .rodata._ZTVN14rosserial_msgs20RequestParamResponseE
                0x0000000008008528       0x18 build/operation.o
                0x0000000008008528                vtable for rosserial_msgs::RequestParamResponse
 .rodata._ZTVN3ros15NodeHandleBase_E
                0x0000000008008540       0x14 build/operation.o
                0x0000000008008540                vtable for ros::NodeHandleBase_
 .rodata._ZTVN3ros11Subscriber_E
                0x0000000008008554       0x18 build/operation.o
                0x0000000008008554                vtable for ros::Subscriber_
 .rodata._ZTVN9actuators7Vector4E
                0x000000000800856c       0x18 build/operation.o
                0x000000000800856c                vtable for actuators::Vector4
 .rodata._ZTVN9actuators7Vector2E
                0x0000000008008584       0x18 build/operation.o
                0x0000000008008584                vtable for actuators::Vector2
 .rodata._ZTVN3ros11NodeHandle_I13STM32HardwareLi25ELi25ELi512ELi512EEE
                0x000000000800859c       0x14 build/operation.o
                0x000000000800859c                vtable for ros::NodeHandle_<STM32Hardware, 25, 25, 512, 512>
 .rodata._ZTVN3ros10SubscriberIN9actuators18motor_driver_paramEvEE
                0x00000000080085b0       0x18 build/operation.o
                0x00000000080085b0                vtable for ros::Subscriber<actuators::motor_driver_param, void>
 .rodata._ZN14rosserial_msgsL12REQUESTPARAME
                0x00000000080085c8       0x1c build/operation.o
 .rodata._ZTIN10__cxxabiv117__class_type_infoE
                0x00000000080085e4        0xc /home/love/Documents/gcc-arm-none-eabi-10-2020-q4-major/bin/../lib/gcc/arm-none-eabi/10.2.1/../../../../arm-none-eabi/lib/thumb/v7e-m+fp/hard/libstdc++_nano.a(class_type_info.o)
                0x00000000080085e4                typeinfo for __cxxabiv1::__class_type_info
 .rodata._ZTSN10__cxxabiv117__class_type_infoE
                0x00000000080085f0       0x22 /home/love/Documents/gcc-arm-none-eabi-10-2020-q4-major/bin/../lib/gcc/arm-none-eabi/10.2.1/../../../../arm-none-eabi/lib/thumb/v7e-m+fp/hard/libstdc++_nano.a(class_type_info.o)
                0x00000000080085f0                typeinfo name for __cxxabiv1::__class_type_info
 *fill*         0x0000000008008612        0x2 
 .rodata._ZTVN10__cxxabiv117__class_type_infoE
                0x0000000008008614       0x2c /home/love/Documents/gcc-arm-none-eabi-10-2020-q4-major/bin/../lib/gcc/arm-none-eabi/10.2.1/../../../../arm-none-eabi/lib/thumb/v7e-m+fp/hard/libstdc++_nano.a(class_type_info.o)
                0x0000000008008614                vtable for __cxxabiv1::__class_type_info
 .rodata._ZTIN10__cxxabiv120__si_class_type_infoE
                0x0000000008008640        0xc /home/love/Documents/gcc-arm-none-eabi-10-2020-q4-major/bin/../lib/gcc/arm-none-eabi/10.2.1/../../../../arm-none-eabi/lib/thumb/v7e-m+fp/hard/libstdc++_nano.a(si_class_type_info.o)
                0x0000000008008640                typeinfo for __cxxabiv1::__si_class_type_info
 .rodata._ZTSN10__cxxabiv120__si_class_type_infoE
                0x000000000800864c       0x25 /home/love/Documents/gcc-arm-none-eabi-10-2020-q4-major/bin/../lib/gcc/arm-none-eabi/10.2.1/../../../../arm-none-eabi/lib/thumb/v7e-m+fp/hard/libstdc++_nano.a(si_class_type_info.o)
                0x000000000800864c                typeinfo name for __cxxabiv1::__si_class_type_info
 *fill*         0x0000000008008671        0x3 
 .rodata._ZTVN10__cxxabiv120__si_class_type_infoE
                0x0000000008008674       0x2c /home/love/Documents/gcc-arm-none-eabi-10-2020-q4-major/bin/../lib/gcc/arm-none-eabi/10.2.1/../../../../arm-none-eabi/lib/thumb/v7e-m+fp/hard/libstdc++_nano.a(si_class_type_info.o)
                0x0000000008008674                vtable for __cxxabiv1::__si_class_type_info
 .rodata._ZTISt9type_info
                0x00000000080086a0        0x8 /home/love/Documents/gcc-arm-none-eabi-10-2020-q4-major/bin/../lib/gcc/arm-none-eabi/10.2.1/../../../../arm-none-eabi/lib/thumb/v7e-m+fp/hard/libstdc++_nano.a(tinfo.o)
                0x00000000080086a0                typeinfo for std::type_info
 .rodata._ZTSSt9type_info
                0x00000000080086a8        0xd /home/love/Documents/gcc-arm-none-eabi-10-2020-q4-major/bin/../lib/gcc/arm-none-eabi/10.2.1/../../../../arm-none-eabi/lib/thumb/v7e-m+fp/hard/libstdc++_nano.a(tinfo.o)
                0x00000000080086a8                typeinfo name for std::type_info
 *fill*         0x00000000080086b5        0x3 
 .rodata._global_impure_ptr